Experiment: Boosting on Hopfield (20q, 2p)
Configuration:
  train_samples: 1000
  data_seed: 0
  n_samples: 400
  n_models: 10
  learning_rate: 0.005580167686449661
  epochs_per_step: 400
  caching_level: none
  ensemble_samples_coeff: 1.0
  init_baseline: covariance
  init_later: random
  lambda_dual: 1.0
  lambda_schedule: {'type': 'frank_wolfe', 'gamma': 1.0, 'tau': 1.0}
  n_ops: 2048
  weight_strategy: frank_wolfe
  alpha_n_grid: 11
  alpha_objective_weight: 0.5
  baseline: standalone
  shots: 1000
  final_eval_sampling: True
  dataset_metrics: True
  exact_metrics: {'enabled': True, 'max_qubits': 20, 'phases': {'baseline': True, 'steps': False, 'final': True, 'per_model': True, 'fcfw': True}}
  keep_models_for_diagnosis: True
  stop_on_reject: False
  save_circuit_artifacts: False
  rng_seed: 0
  circuit_config: {'topology': 'aachen_heavy_hex', 'distance': 2, 'max_weight': 2, 'n_ancilla': 0}
  turbo: 10
  dynamic_is_within_shell: shell_uniform
  exact_sampling: True
  acceptance_metric: training_mmd
  skip_sampling: True
  report_fcfw: True
  dynamic_is: True
  dynamic_is_beta: 0.02293846935748452
  sigma: [0.8803577476638936]
  require_exact_sampling: True
================================================================================
Saving config to out/hpo/hopfield_20q_p2_b15_20260605_111736/best_retrains/seed_000/config.json...
Gate structure: Qubits: 20
Aachen heavy-hex topology: 39 parameters
one_qubit=20, two_qubit=19
Saved circuit structure plot to: out/hpo/hopfield_20q_p2_b15_20260605_111736/best_retrains/seed_000/circuit_structure.pdf
Using Gaussian Kernel (n_ops=2048, n_qubits=20):
  - sigma=0.88035775
Expected sampled operator size:
  - p=4.754091, std=1.903686
  mean: 4.754091
  std: 1.903686
Baselines enabled: standalone

Training standalone baseline model (4000 epochs)...
Training has not converged after 4000 steps

Baseline: MMD=0.0375 F1=nan
  (Analytical baseline MMD from training: 0.033459)
Baseline used as reference: Standalone

Training ensemble Model 0 (400 epochs)...
Training has not converged after 400 steps
Model 0 final loss: 0.038352
  [Step 0/9] train_MMD=0.0369 alpha_opt=1.0000 oracle_top1_TVD=0.9606

[Step 1] Training Model 1...
  lambda_dual: 0.5000
Training has not converged after 400 steps
  Weighting: frank_wolfe alpha = 0.5000
  [Step 1/9] train_MMD=0.0194 alpha_opt=0.5000 oracle_top2_TVD=0.9212
  [OK] MMD improved (delta=+0.017560)
  SNR (proxy): 8.07 (mean_norm=0.0239, std_norm=0.0030)

[Step 2] Training Model 2...
  lambda_dual: 0.6667
Training has not converged after 400 steps
  Weighting: frank_wolfe alpha = 0.3333
  [Step 2/9] train_MMD=0.0129 alpha_opt=0.3333 oracle_top3_TVD=0.8817
  [OK] MMD improved (delta=+0.006472)
  SNR (proxy): 5.04 (mean_norm=0.0196, std_norm=0.0039)

[Step 3] Training Model 3...
  lambda_dual: 0.7500
Training has not converged after 400 steps
  Weighting: frank_wolfe alpha = 0.2500
  [Step 3/9] train_MMD=0.0137 alpha_opt=0.2500 oracle_top4_TVD=0.8423
  [WARNING] MMD worsened but kept (diagnostic, delta=-0.000756)
  SNR (proxy): 10.45 (mean_norm=0.0395, std_norm=0.0038)

[Step 4] Training Model 4...
  lambda_dual: 0.8000
Training has not converged after 400 steps
  Weighting: frank_wolfe alpha = 0.2000
  [Step 4/9] train_MMD=0.0118 alpha_opt=0.2000 oracle_top5_TVD=0.8358
  [OK] MMD improved (delta=+0.001846)
  SNR (proxy): 5.05 (mean_norm=0.0163, std_norm=0.0032)

[Step 5] Training Model 5...
  lambda_dual: 0.8333
Training has not converged after 400 steps
  Weighting: frank_wolfe alpha = 0.1667
  [Step 5/9] train_MMD=0.0057 alpha_opt=0.1667 oracle_top6_TVD=0.8293
  [OK] MMD improved (delta=+0.006150)
  SNR (proxy): 3.69 (mean_norm=0.0138, std_norm=0.0037)

[Step 6] Training Model 6...
  lambda_dual: 0.8571
Training has not converged after 400 steps
  Weighting: frank_wolfe alpha = 0.1429
  [Step 6/9] train_MMD=0.0016 alpha_opt=0.1429 oracle_top7_TVD=0.8228
  [OK] MMD improved (delta=+0.004114)
  SNR (proxy): 4.60 (mean_norm=0.0085, std_norm=0.0018)

[Step 7] Training Model 7...
  lambda_dual: 0.8750
Training has not converged after 400 steps
  Weighting: frank_wolfe alpha = 0.1250
  [Step 7/9] train_MMD=0.0013 alpha_opt=0.1250 oracle_top8_TVD=0.8163
  [OK] MMD improved (delta=+0.000221)
  SNR (proxy): 8.02 (mean_norm=0.0058, std_norm=0.0007)

[Step 8] Training Model 8...
  lambda_dual: 0.8889
Training has not converged after 400 steps
  Weighting: frank_wolfe alpha = 0.1111
  [Step 8/9] train_MMD=0.0014 alpha_opt=0.1111 oracle_top9_TVD=0.8097
  [WARNING] MMD worsened but kept (diagnostic, delta=-0.000050)
  SNR (proxy): 9.33 (mean_norm=0.0079, std_norm=0.0009)

[Step 9] Training Model 9...
  lambda_dual: 0.9000
Training has not converged after 400 steps
  Weighting: frank_wolfe alpha = 0.1000
  [Step 9/9] train_MMD=0.0019 alpha_opt=0.1000 oracle_top10_TVD=0.8032
  [WARNING] MMD worsened but kept (diagnostic, delta=-0.000499)
  SNR (proxy): 10.26 (mean_norm=0.0071, std_norm=0.0007)

Final: 10 models, MMD=0.0024 (delta=+0.0351) F1=nan

[FCFW] Computing Fully Corrective Frank-Wolfe weights for final ensemble...
  Weighting: fully corrective QP weights = [0.0000, 0.0000, 0.1292, 0.1579, 0.1753, 0.1160, 0.1578, 0.1670, 0.0968, 0.0000]
  FCFW Sampled MMD^2: 0.000139
  FCFW Sampled TVD:   0.4616

FINAL MODEL COMPARISON (inc. FCFW)
Model      | MMD        | TVD        | TVD*       | Valid      | Cover      | F1        
----------------------------------------------------------------------------------------
Baseline   | 0.0375     | 0.837      | 0.691      | n/a        | n/a        | n/a       
Ensemble   | 0.0024     | 0.503      | 0.233      | n/a        | n/a        | n/a       
Model 0    | 0.0381     | 0.973      | 0.690      | n/a        | n/a        | n/a       
Model 1    | 0.0858     | 0.872      | 0.707      | n/a        | n/a        | n/a       
Model 2    | 0.0795     | 0.855      | 0.731      | n/a        | n/a        | n/a       
Model 3    | 0.1659     | 0.892      | 0.762      | n/a        | n/a        | n/a       
Model 4    | 0.1890     | 0.895      | 0.783      | n/a        | n/a        | n/a       
Model 5    | 0.1304     | 0.880      | 0.761      | n/a        | n/a        | n/a       
Model 6    | 0.2055     | 0.902      | 0.784      | n/a        | n/a        | n/a       
Model 7    | 0.0951     | 0.840      | 0.701      | n/a        | n/a        | n/a       
Model 8    | 0.1348     | 0.898      | 0.775      | n/a        | n/a        | n/a       
Model 9    | 0.1112     | 0.876      | 0.680      | n/a        | n/a        | n/a       
Ensemble (FCFW) | 0.0001     | 0.462      | 0.232      | n/a        | n/a        | n/a       
Saving results to out/hpo/hopfield_20q_p2_b15_20260605_111736/best_retrains/seed_000/results.csv...
Saved data/ensemble loss plot to: out/hpo/hopfield_20q_p2_b15_20260605_111736/best_retrains/seed_000/data_ensemble_loss.pdf
Saving metrics to out/hpo/hopfield_20q_p2_b15_20260605_111736/best_retrains/seed_000/dataset_metrics.json...
  [lorenz_curve] Saved to out/hpo/hopfield_20q_p2_b15_20260605_111736/best_retrains/seed_000/lorenz_curve.png
Experiment: Boosting on Hopfield (20q, 2p)
Configuration:
  train_samples: 1000
  data_seed: 1
  n_samples: 400
  n_models: 10
  learning_rate: 0.005580167686449661
  epochs_per_step: 400
  caching_level: none
  ensemble_samples_coeff: 1.0
  init_baseline: covariance
  init_later: random
  lambda_dual: 1.0
  lambda_schedule: {'type': 'frank_wolfe', 'gamma': 1.0, 'tau': 1.0}
  n_ops: 2048
  weight_strategy: frank_wolfe
  alpha_n_grid: 11
  alpha_objective_weight: 0.5
  baseline: standalone
  shots: 1000
  final_eval_sampling: True
  dataset_metrics: True
  exact_metrics: {'enabled': True, 'max_qubits': 20, 'phases': {'baseline': True, 'steps': False, 'final': True, 'per_model': True, 'fcfw': True}}
  keep_models_for_diagnosis: True
  stop_on_reject: False
  save_circuit_artifacts: False
  rng_seed: 1
  circuit_config: {'topology': 'aachen_heavy_hex', 'distance': 2, 'max_weight': 2, 'n_ancilla': 0}
  turbo: 10
  dynamic_is_within_shell: shell_uniform
  exact_sampling: True
  acceptance_metric: training_mmd
  skip_sampling: True
  report_fcfw: True
  dynamic_is: True
  dynamic_is_beta: 0.02293846935748452
  sigma: [0.8803577476638936]
  require_exact_sampling: True
================================================================================
Saving config to out/hpo/hopfield_20q_p2_b15_20260605_111736/best_retrains/seed_001/config.json...
Gate structure: Qubits: 20
Aachen heavy-hex topology: 39 parameters
one_qubit=20, two_qubit=19
Saved circuit structure plot to: out/hpo/hopfield_20q_p2_b15_20260605_111736/best_retrains/seed_001/circuit_structure.pdf
Using Gaussian Kernel (n_ops=2048, n_qubits=20):
  - sigma=0.88035775
Expected sampled operator size:
  - p=4.754091, std=1.903686
  mean: 4.754091
  std: 1.903686
Baselines enabled: standalone

Training standalone baseline model (4000 epochs)...
Training has not converged after 4000 steps

Baseline: MMD=0.0357 F1=nan
  (Analytical baseline MMD from training: 0.031989)
Baseline used as reference: Standalone

Training ensemble Model 0 (400 epochs)...
Training has not converged after 400 steps
Model 0 final loss: 0.037911
  [Step 0/9] train_MMD=0.0306 alpha_opt=1.0000 oracle_top1_TVD=0.9606

[Step 1] Training Model 1...
  lambda_dual: 0.5000
Training has not converged after 400 steps
  Weighting: frank_wolfe alpha = 0.5000
  [Step 1/9] train_MMD=0.0160 alpha_opt=0.5000 oracle_top2_TVD=0.9212
  [OK] MMD improved (delta=+0.014663)
  SNR (proxy): 5.37 (mean_norm=0.0204, std_norm=0.0038)

[Step 2] Training Model 2...
  lambda_dual: 0.6667
Training has not converged after 400 steps
  Weighting: frank_wolfe alpha = 0.3333
  [Step 2/9] train_MMD=0.0110 alpha_opt=0.3333 oracle_top3_TVD=0.8817
  [OK] MMD improved (delta=+0.004996)
  SNR (proxy): 4.08 (mean_norm=0.0139, std_norm=0.0034)

[Step 3] Training Model 3...
  lambda_dual: 0.7500
Training has not converged after 400 steps
  Weighting: frank_wolfe alpha = 0.2500
  [Step 3/9] train_MMD=0.0100 alpha_opt=0.2500 oracle_top4_TVD=0.8423
  [OK] MMD improved (delta=+0.000938)
  SNR (proxy): 9.12 (mean_norm=0.0171, std_norm=0.0019)

[Step 4] Training Model 4...
  lambda_dual: 0.8000
Training has not converged after 400 steps
  Weighting: frank_wolfe alpha = 0.2000
  [Step 4/9] train_MMD=0.0098 alpha_opt=0.2000 oracle_top5_TVD=0.8358
  [OK] MMD improved (delta=+0.000288)
  SNR (proxy): 5.02 (mean_norm=0.0216, std_norm=0.0043)

[Step 5] Training Model 5...
  lambda_dual: 0.8333
Training has not converged after 400 steps
  Weighting: frank_wolfe alpha = 0.1667
  [Step 5/9] train_MMD=0.0048 alpha_opt=0.1667 oracle_top6_TVD=0.8293
  [OK] MMD improved (delta=+0.004975)
  SNR (proxy): 5.16 (mean_norm=0.0132, std_norm=0.0026)

[Step 6] Training Model 6...
  lambda_dual: 0.8571
Training has not converged after 400 steps
  Weighting: frank_wolfe alpha = 0.1429
  [Step 6/9] train_MMD=0.0014 alpha_opt=0.1429 oracle_top7_TVD=0.8228
  [OK] MMD improved (delta=+0.003375)
  SNR (proxy): 3.60 (mean_norm=0.0105, std_norm=0.0029)

[Step 7] Training Model 7...
  lambda_dual: 0.8750
Training has not converged after 400 steps
  Weighting: frank_wolfe alpha = 0.1250
  [Step 7/9] train_MMD=0.0007 alpha_opt=0.1250 oracle_top8_TVD=0.8163
  [OK] MMD improved (delta=+0.000742)
  SNR (proxy): 6.88 (mean_norm=0.0061, std_norm=0.0009)

[Step 8] Training Model 8...
  lambda_dual: 0.8889
Training has not converged after 400 steps
  Weighting: frank_wolfe alpha = 0.1111
  [Step 8/9] train_MMD=0.0011 alpha_opt=0.1111 oracle_top9_TVD=0.8097
  [WARNING] MMD worsened but kept (diagnostic, delta=-0.000420)
  SNR (proxy): 5.52 (mean_norm=0.0065, std_norm=0.0012)

[Step 9] Training Model 9...
  lambda_dual: 0.9000
Training has not converged after 400 steps
  Weighting: frank_wolfe alpha = 0.1000
  [Step 9/9] train_MMD=0.0008 alpha_opt=0.1000 oracle_top10_TVD=0.8032
  [OK] MMD improved (delta=+0.000300)
  SNR (proxy): 10.72 (mean_norm=0.0104, std_norm=0.0010)

Final: 10 models, MMD=0.0009 (delta=+0.0348) F1=nan

[FCFW] Computing Fully Corrective Frank-Wolfe weights for final ensemble...
  Weighting: fully corrective QP weights = [0.0106, 0.0474, 0.0888, 0.1745, 0.0963, 0.1385, 0.1514, 0.0967, 0.1291, 0.0667]
  FCFW Sampled MMD^2: -0.000365
  FCFW Sampled TVD:   0.4655

FINAL MODEL COMPARISON (inc. FCFW)
Model      | MMD        | TVD        | TVD*       | Valid      | Cover      | F1        
----------------------------------------------------------------------------------------
Baseline   | 0.0357     | 0.846      | 0.691      | n/a        | n/a        | n/a       
Ensemble   | 0.0009     | 0.519      | 0.227      | n/a        | n/a        | n/a       
Model 0    | 0.0345     | 0.929      | 0.689      | n/a        | n/a        | n/a       
Model 1    | 0.0569     | 0.859      | 0.701      | n/a        | n/a        | n/a       
Model 2    | 0.0834     | 0.844      | 0.711      | n/a        | n/a        | n/a       
Model 3    | 0.1041     | 0.881      | 0.720      | n/a        | n/a        | n/a       
Model 4    | 0.1301     | 0.898      | 0.766      | n/a        | n/a        | n/a       
Model 5    | 0.1276     | 0.903      | 0.783      | n/a        | n/a        | n/a       
Model 6    | 0.2311     | 0.878      | 0.789      | n/a        | n/a        | n/a       
Model 7    | 0.0856     | 0.882      | 0.677      | n/a        | n/a        | n/a       
Model 8    | 0.1194     | 0.868      | 0.710      | n/a        | n/a        | n/a       
Model 9    | 0.0875     | 0.877      | 0.685      | n/a        | n/a        | n/a       
Ensemble (FCFW) | -0.0004    | 0.465      | 0.215      | n/a        | n/a        | n/a       
Saving results to out/hpo/hopfield_20q_p2_b15_20260605_111736/best_retrains/seed_001/results.csv...
Saved data/ensemble loss plot to: out/hpo/hopfield_20q_p2_b15_20260605_111736/best_retrains/seed_001/data_ensemble_loss.pdf
Saving metrics to out/hpo/hopfield_20q_p2_b15_20260605_111736/best_retrains/seed_001/dataset_metrics.json...
  [lorenz_curve] Saved to out/hpo/hopfield_20q_p2_b15_20260605_111736/best_retrains/seed_001/lorenz_curve.png
Experiment: Boosting on Hopfield (20q, 2p)
Configuration:
  train_samples: 1000
  data_seed: 2
  n_samples: 400
  n_models: 10
  learning_rate: 0.005580167686449661
  epochs_per_step: 400
  caching_level: none
  ensemble_samples_coeff: 1.0
  init_baseline: covariance
  init_later: random
  lambda_dual: 1.0
  lambda_schedule: {'type': 'frank_wolfe', 'gamma': 1.0, 'tau': 1.0}
  n_ops: 2048
  weight_strategy: frank_wolfe
  alpha_n_grid: 11
  alpha_objective_weight: 0.5
  baseline: standalone
  shots: 1000
  final_eval_sampling: True
  dataset_metrics: True
  exact_metrics: {'enabled': True, 'max_qubits': 20, 'phases': {'baseline': True, 'steps': False, 'final': True, 'per_model': True, 'fcfw': True}}
  keep_models_for_diagnosis: True
  stop_on_reject: False
  save_circuit_artifacts: False
  rng_seed: 2
  circuit_config: {'topology': 'aachen_heavy_hex', 'distance': 2, 'max_weight': 2, 'n_ancilla': 0}
  turbo: 10
  dynamic_is_within_shell: shell_uniform
  exact_sampling: True
  acceptance_metric: training_mmd
  skip_sampling: True
  report_fcfw: True
  dynamic_is: True
  dynamic_is_beta: 0.02293846935748452
  sigma: [0.8803577476638936]
  require_exact_sampling: True
================================================================================
Saving config to out/hpo/hopfield_20q_p2_b15_20260605_111736/best_retrains/seed_002/config.json...
Gate structure: Qubits: 20
Aachen heavy-hex topology: 39 parameters
one_qubit=20, two_qubit=19
Saved circuit structure plot to: out/hpo/hopfield_20q_p2_b15_20260605_111736/best_retrains/seed_002/circuit_structure.pdf
Using Gaussian Kernel (n_ops=2048, n_qubits=20):
  - sigma=0.88035775
Expected sampled operator size:
  - p=4.754091, std=1.903686
  mean: 4.754091
  std: 1.903686
Baselines enabled: standalone

Training standalone baseline model (4000 epochs)...
Training has not converged after 4000 steps

Baseline: MMD=0.0375 F1=nan
  (Analytical baseline MMD from training: 0.034577)
Baseline used as reference: Standalone

Training ensemble Model 0 (400 epochs)...
Training has not converged after 400 steps
Model 0 final loss: 0.037042
  [Step 0/9] train_MMD=0.0356 alpha_opt=1.0000 oracle_top1_TVD=0.9606

[Step 1] Training Model 1...
  lambda_dual: 0.5000
Training has not converged after 400 steps
  Weighting: frank_wolfe alpha = 0.5000
  [Step 1/9] train_MMD=0.0194 alpha_opt=0.5000 oracle_top2_TVD=0.9212
  [OK] MMD improved (delta=+0.016273)
  SNR (proxy): 6.69 (mean_norm=0.0244, std_norm=0.0036)

[Step 2] Training Model 2...
  lambda_dual: 0.6667
Training has not converged after 400 steps
  Weighting: frank_wolfe alpha = 0.3333
  [Step 2/9] train_MMD=0.0123 alpha_opt=0.3333 oracle_top3_TVD=0.8817
  [OK] MMD improved (delta=+0.007034)
  SNR (proxy): 5.14 (mean_norm=0.0143, std_norm=0.0028)

[Step 3] Training Model 3...
  lambda_dual: 0.7500
Training has not converged after 400 steps
  Weighting: frank_wolfe alpha = 0.2500
  [Step 3/9] train_MMD=0.0117 alpha_opt=0.2500 oracle_top4_TVD=0.8423
  [OK] MMD improved (delta=+0.000581)
  SNR (proxy): 4.75 (mean_norm=0.0207, std_norm=0.0044)

[Step 4] Training Model 4...
  lambda_dual: 0.8000
Training has not converged after 400 steps
  Weighting: frank_wolfe alpha = 0.2000
  [Step 4/9] train_MMD=0.0115 alpha_opt=0.2000 oracle_top5_TVD=0.8358
  [OK] MMD improved (delta=+0.000225)
  SNR (proxy): 21.34 (mean_norm=0.0452, std_norm=0.0021)

[Step 5] Training Model 5...
  lambda_dual: 0.8333
Training has not converged after 400 steps
  Weighting: frank_wolfe alpha = 0.1667
  [Step 5/9] train_MMD=0.0045 alpha_opt=0.1667 oracle_top6_TVD=0.8293
  [OK] MMD improved (delta=+0.007022)
  SNR (proxy): 4.16 (mean_norm=0.0117, std_norm=0.0028)

[Step 6] Training Model 6...
  lambda_dual: 0.8571
Training has not converged after 400 steps
  Weighting: frank_wolfe alpha = 0.1429
  [Step 6/9] train_MMD=0.0016 alpha_opt=0.1429 oracle_top7_TVD=0.8228
  [OK] MMD improved (delta=+0.002936)
  SNR (proxy): 3.74 (mean_norm=0.0100, std_norm=0.0027)

[Step 7] Training Model 7...
  lambda_dual: 0.8750
Training has not converged after 400 steps
  Weighting: frank_wolfe alpha = 0.1250
  [Step 7/9] train_MMD=0.0003 alpha_opt=0.1250 oracle_top8_TVD=0.8163
  [OK] MMD improved (delta=+0.001270)
  SNR (proxy): 5.25 (mean_norm=0.0085, std_norm=0.0016)

[Step 8] Training Model 8...
  lambda_dual: 0.8889
Training has not converged after 400 steps
  Weighting: frank_wolfe alpha = 0.1111
  [Step 8/9] train_MMD=0.0016 alpha_opt=0.1111 oracle_top9_TVD=0.8097
  [WARNING] MMD worsened but kept (diagnostic, delta=-0.001355)
  SNR (proxy): 6.85 (mean_norm=0.0097, std_norm=0.0014)

[Step 9] Training Model 9...
  lambda_dual: 0.9000
Training has not converged after 400 steps
  Weighting: frank_wolfe alpha = 0.1000
  [Step 9/9] train_MMD=0.0004 alpha_opt=0.1000 oracle_top10_TVD=0.8032
  [OK] MMD improved (delta=+0.001221)
  SNR (proxy): 6.48 (mean_norm=0.0069, std_norm=0.0011)

Final: 10 models, MMD=0.0005 (delta=+0.0369) F1=nan

[FCFW] Computing Fully Corrective Frank-Wolfe weights for final ensemble...
  Weighting: fully corrective QP weights = [0.0392, 0.0682, 0.0764, 0.1220, 0.1121, 0.0922, 0.1494, 0.1412, 0.0761, 0.1231]
  FCFW Sampled MMD^2: -0.000185
  FCFW Sampled TVD:   0.4470

FINAL MODEL COMPARISON (inc. FCFW)
Model      | MMD        | TVD        | TVD*       | Valid      | Cover      | F1        
----------------------------------------------------------------------------------------
Baseline   | 0.0375     | 0.842      | 0.690      | n/a        | n/a        | n/a       
Ensemble   | 0.0005     | 0.478      | 0.200      | n/a        | n/a        | n/a       
Model 0    | 0.0413     | 0.976      | 0.694      | n/a        | n/a        | n/a       
Model 1    | 0.0788     | 0.805      | 0.690      | n/a        | n/a        | n/a       
Model 2    | 0.0735     | 0.860      | 0.674      | n/a        | n/a        | n/a       
Model 3    | 0.1135     | 0.915      | 0.789      | n/a        | n/a        | n/a       
Model 4    | 0.2293     | 0.878      | 0.779      | n/a        | n/a        | n/a       
Model 5    | 0.2430     | 0.898      | 0.787      | n/a        | n/a        | n/a       
Model 6    | 0.2258     | 0.886      | 0.774      | n/a        | n/a        | n/a       
Model 7    | 0.1001     | 0.877      | 0.694      | n/a        | n/a        | n/a       
Model 8    | 0.0956     | 0.879      | 0.681      | n/a        | n/a        | n/a       
Model 9    | 0.1351     | 0.875      | 0.726      | n/a        | n/a        | n/a       
Ensemble (FCFW) | -0.0002    | 0.447      | 0.193      | n/a        | n/a        | n/a       
Saving results to out/hpo/hopfield_20q_p2_b15_20260605_111736/best_retrains/seed_002/results.csv...
Saved data/ensemble loss plot to: out/hpo/hopfield_20q_p2_b15_20260605_111736/best_retrains/seed_002/data_ensemble_loss.pdf
Saving metrics to out/hpo/hopfield_20q_p2_b15_20260605_111736/best_retrains/seed_002/dataset_metrics.json...
  [lorenz_curve] Saved to out/hpo/hopfield_20q_p2_b15_20260605_111736/best_retrains/seed_002/lorenz_curve.png
Experiment: Boosting on Hopfield (20q, 2p)
Configuration:
  train_samples: 1000
  data_seed: 3
  n_samples: 400
  n_models: 10
  learning_rate: 0.005580167686449661
  epochs_per_step: 400
  caching_level: none
  ensemble_samples_coeff: 1.0
  init_baseline: covariance
  init_later: random
  lambda_dual: 1.0
  lambda_schedule: {'type': 'frank_wolfe', 'gamma': 1.0, 'tau': 1.0}
  n_ops: 2048
  weight_strategy: frank_wolfe
  alpha_n_grid: 11
  alpha_objective_weight: 0.5
  baseline: standalone
  shots: 1000
  final_eval_sampling: True
  dataset_metrics: True
  exact_metrics: {'enabled': True, 'max_qubits': 20, 'phases': {'baseline': True, 'steps': False, 'final': True, 'per_model': True, 'fcfw': True}}
  keep_models_for_diagnosis: True
  stop_on_reject: False
  save_circuit_artifacts: False
  rng_seed: 3
  circuit_config: {'topology': 'aachen_heavy_hex', 'distance': 2, 'max_weight': 2, 'n_ancilla': 0}
  turbo: 10
  dynamic_is_within_shell: shell_uniform
  exact_sampling: True
  acceptance_metric: training_mmd
  skip_sampling: True
  report_fcfw: True
  dynamic_is: True
  dynamic_is_beta: 0.02293846935748452
  sigma: [0.8803577476638936]
  require_exact_sampling: True
================================================================================
Saving config to out/hpo/hopfield_20q_p2_b15_20260605_111736/best_retrains/seed_003/config.json...
Gate structure: Qubits: 20
Aachen heavy-hex topology: 39 parameters
one_qubit=20, two_qubit=19
Saved circuit structure plot to: out/hpo/hopfield_20q_p2_b15_20260605_111736/best_retrains/seed_003/circuit_structure.pdf
Using Gaussian Kernel (n_ops=2048, n_qubits=20):
  - sigma=0.88035775
Expected sampled operator size:
  - p=4.754091, std=1.903686
  mean: 4.754091
  std: 1.903686
Baselines enabled: standalone

Training standalone baseline model (4000 epochs)...
Training has not converged after 4000 steps

Baseline: MMD=0.0377 F1=nan
  (Analytical baseline MMD from training: 0.034946)
Baseline used as reference: Standalone

Training ensemble Model 0 (400 epochs)...
Training has not converged after 400 steps
Model 0 final loss: 0.038364
  [Step 0/9] train_MMD=0.0407 alpha_opt=1.0000 oracle_top1_TVD=0.9606

[Step 1] Training Model 1...
  lambda_dual: 0.5000
Training has not converged after 400 steps
  Weighting: frank_wolfe alpha = 0.5000
  [Step 1/9] train_MMD=0.0168 alpha_opt=0.5000 oracle_top2_TVD=0.9212
  [OK] MMD improved (delta=+0.023846)
  SNR (proxy): 5.06 (mean_norm=0.0223, std_norm=0.0044)

[Step 2] Training Model 2...
  lambda_dual: 0.6667
Training has not converged after 400 steps
  Weighting: frank_wolfe alpha = 0.3333
  [Step 2/9] train_MMD=0.0140 alpha_opt=0.3333 oracle_top3_TVD=0.8817
  [OK] MMD improved (delta=+0.002823)
  SNR (proxy): 5.61 (mean_norm=0.0174, std_norm=0.0031)

[Step 3] Training Model 3...
  lambda_dual: 0.7500
Training has not converged after 400 steps
  Weighting: frank_wolfe alpha = 0.2500
  [Step 3/9] train_MMD=0.0136 alpha_opt=0.2500 oracle_top4_TVD=0.8423
  [OK] MMD improved (delta=+0.000412)
  SNR (proxy): 6.49 (mean_norm=0.0377, std_norm=0.0058)

[Step 4] Training Model 4...
  lambda_dual: 0.8000
Training has not converged after 400 steps
  Weighting: frank_wolfe alpha = 0.2000
  [Step 4/9] train_MMD=0.0074 alpha_opt=0.2000 oracle_top5_TVD=0.8358
  [OK] MMD improved (delta=+0.006180)
  SNR (proxy): 4.17 (mean_norm=0.0139, std_norm=0.0033)

[Step 5] Training Model 5...
  lambda_dual: 0.8333
Training has not converged after 400 steps
  Weighting: frank_wolfe alpha = 0.1667
  [Step 5/9] train_MMD=0.0039 alpha_opt=0.1667 oracle_top6_TVD=0.8293
  [OK] MMD improved (delta=+0.003454)
  SNR (proxy): 11.22 (mean_norm=0.0331, std_norm=0.0029)

[Step 6] Training Model 6...
  lambda_dual: 0.8571
Training has not converged after 400 steps
  Weighting: frank_wolfe alpha = 0.1429
  [Step 6/9] train_MMD=0.0013 alpha_opt=0.1429 oracle_top7_TVD=0.8228
  [OK] MMD improved (delta=+0.002634)
  SNR (proxy): 5.86 (mean_norm=0.0089, std_norm=0.0015)

[Step 7] Training Model 7...
  lambda_dual: 0.8750
Training has not converged after 400 steps
  Weighting: frank_wolfe alpha = 0.1250
  [Step 7/9] train_MMD=0.0021 alpha_opt=0.1250 oracle_top8_TVD=0.8163
  [WARNING] MMD worsened but kept (diagnostic, delta=-0.000795)
  SNR (proxy): 6.87 (mean_norm=0.0135, std_norm=0.0020)

[Step 8] Training Model 8...
  lambda_dual: 0.8889
Training has not converged after 400 steps
  Weighting: frank_wolfe alpha = 0.1111
  [Step 8/9] train_MMD=0.0004 alpha_opt=0.1111 oracle_top9_TVD=0.8097
  [OK] MMD improved (delta=+0.001688)
  SNR (proxy): 5.93 (mean_norm=0.0069, std_norm=0.0012)

[Step 9] Training Model 9...
  lambda_dual: 0.9000
Training has not converged after 400 steps
  Weighting: frank_wolfe alpha = 0.1000
  [Step 9/9] train_MMD=0.0005 alpha_opt=0.1000 oracle_top10_TVD=0.8032
  [WARNING] MMD worsened but kept (diagnostic, delta=-0.000081)
  SNR (proxy): 4.53 (mean_norm=0.0063, std_norm=0.0014)

Final: 10 models, MMD=-0.0001 (delta=+0.0377) F1=nan

[FCFW] Computing Fully Corrective Frank-Wolfe weights for final ensemble...
  Weighting: fully corrective QP weights = [0.0453, 0.0564, 0.1053, 0.1025, 0.0919, 0.0797, 0.1500, 0.1189, 0.1279, 0.1222]
  FCFW Sampled MMD^2: -0.000430
  FCFW Sampled TVD:   0.4569

FINAL MODEL COMPARISON (inc. FCFW)
Model      | MMD        | TVD        | TVD*       | Valid      | Cover      | F1        
----------------------------------------------------------------------------------------
Baseline   | 0.0377     | 0.844      | 0.692      | n/a        | n/a        | n/a       
Ensemble   | -0.0001    | 0.470      | 0.220      | n/a        | n/a        | n/a       
Model 0    | 0.0366     | 0.945      | 0.690      | n/a        | n/a        | n/a       
Model 1    | 0.0825     | 0.872      | 0.708      | n/a        | n/a        | n/a       
Model 2    | 0.0894     | 0.874      | 0.653      | n/a        | n/a        | n/a       
Model 3    | 0.1395     | 0.893      | 0.766      | n/a        | n/a        | n/a       
Model 4    | 0.1671     | 0.897      | 0.786      | n/a        | n/a        | n/a       
Model 5    | 0.3859     | 0.891      | 0.818      | n/a        | n/a        | n/a       
Model 6    | 0.1723     | 0.885      | 0.766      | n/a        | n/a        | n/a       
Model 7    | 0.1542     | 0.866      | 0.735      | n/a        | n/a        | n/a       
Model 8    | 0.1582     | 0.862      | 0.748      | n/a        | n/a        | n/a       
Model 9    | 0.1105     | 0.885      | 0.724      | n/a        | n/a        | n/a       
Ensemble (FCFW) | -0.0004    | 0.457      | 0.202      | n/a        | n/a        | n/a       
Saving results to out/hpo/hopfield_20q_p2_b15_20260605_111736/best_retrains/seed_003/results.csv...
Saved data/ensemble loss plot to: out/hpo/hopfield_20q_p2_b15_20260605_111736/best_retrains/seed_003/data_ensemble_loss.pdf
Saving metrics to out/hpo/hopfield_20q_p2_b15_20260605_111736/best_retrains/seed_003/dataset_metrics.json...
  [lorenz_curve] Saved to out/hpo/hopfield_20q_p2_b15_20260605_111736/best_retrains/seed_003/lorenz_curve.png
Experiment: Boosting on Hopfield (20q, 2p)
Configuration:
  train_samples: 1000
  data_seed: 4
  n_samples: 400
  n_models: 10
  learning_rate: 0.005580167686449661
  epochs_per_step: 400
  caching_level: none
  ensemble_samples_coeff: 1.0
  init_baseline: covariance
  init_later: random
  lambda_dual: 1.0
  lambda_schedule: {'type': 'frank_wolfe', 'gamma': 1.0, 'tau': 1.0}
  n_ops: 2048
  weight_strategy: frank_wolfe
  alpha_n_grid: 11
  alpha_objective_weight: 0.5
  baseline: standalone
  shots: 1000
  final_eval_sampling: True
  dataset_metrics: True
  exact_metrics: {'enabled': True, 'max_qubits': 20, 'phases': {'baseline': True, 'steps': False, 'final': True, 'per_model': True, 'fcfw': True}}
  keep_models_for_diagnosis: True
  stop_on_reject: False
  save_circuit_artifacts: False
  rng_seed: 4
  circuit_config: {'topology': 'aachen_heavy_hex', 'distance': 2, 'max_weight': 2, 'n_ancilla': 0}
  turbo: 10
  dynamic_is_within_shell: shell_uniform
  exact_sampling: True
  acceptance_metric: training_mmd
  skip_sampling: True
  report_fcfw: True
  dynamic_is: True
  dynamic_is_beta: 0.02293846935748452
  sigma: [0.8803577476638936]
  require_exact_sampling: True
================================================================================
Saving config to out/hpo/hopfield_20q_p2_b15_20260605_111736/best_retrains/seed_004/config.json...
Gate structure: Qubits: 20
Aachen heavy-hex topology: 39 parameters
one_qubit=20, two_qubit=19
Saved circuit structure plot to: out/hpo/hopfield_20q_p2_b15_20260605_111736/best_retrains/seed_004/circuit_structure.pdf
Using Gaussian Kernel (n_ops=2048, n_qubits=20):
  - sigma=0.88035775
Expected sampled operator size:
  - p=4.754091, std=1.903686
  mean: 4.754091
  std: 1.903686
Baselines enabled: standalone

Training standalone baseline model (4000 epochs)...
Training has not converged after 4000 steps

Baseline: MMD=0.0349 F1=nan
  (Analytical baseline MMD from training: 0.032607)
Baseline used as reference: Standalone

Training ensemble Model 0 (400 epochs)...
Training has not converged after 400 steps
Model 0 final loss: 0.035131
  [Step 0/9] train_MMD=0.0329 alpha_opt=1.0000 oracle_top1_TVD=0.9606

[Step 1] Training Model 1...
  lambda_dual: 0.5000
Training has not converged after 400 steps
  Weighting: frank_wolfe alpha = 0.5000
  [Step 1/9] train_MMD=0.0162 alpha_opt=0.5000 oracle_top2_TVD=0.9212
  [OK] MMD improved (delta=+0.016674)
  SNR (proxy): 4.53 (mean_norm=0.0226, std_norm=0.0050)

[Step 2] Training Model 2...
  lambda_dual: 0.6667
Training has not converged after 400 steps
  Weighting: frank_wolfe alpha = 0.3333
  [Step 2/9] train_MMD=0.0110 alpha_opt=0.3333 oracle_top3_TVD=0.8817
  [OK] MMD improved (delta=+0.005255)
  SNR (proxy): 5.15 (mean_norm=0.0204, std_norm=0.0040)

[Step 3] Training Model 3...
  lambda_dual: 0.7500
Training has not converged after 400 steps
  Weighting: frank_wolfe alpha = 0.2500
  [Step 3/9] train_MMD=0.0118 alpha_opt=0.2500 oracle_top4_TVD=0.8423
  [WARNING] MMD worsened but kept (diagnostic, delta=-0.000776)
  SNR (proxy): 6.41 (mean_norm=0.0403, std_norm=0.0063)

[Step 4] Training Model 4...
  lambda_dual: 0.8000
Training has not converged after 400 steps
  Weighting: frank_wolfe alpha = 0.2000
  [Step 4/9] train_MMD=0.0077 alpha_opt=0.2000 oracle_top5_TVD=0.8358
  [OK] MMD improved (delta=+0.004059)
  SNR (proxy): 8.47 (mean_norm=0.0149, std_norm=0.0018)

[Step 5] Training Model 5...
  lambda_dual: 0.8333
Training has not converged after 400 steps
  Weighting: frank_wolfe alpha = 0.1667
  [Step 5/9] train_MMD=0.0106 alpha_opt=0.1667 oracle_top6_TVD=0.8293
  [WARNING] MMD worsened but kept (diagnostic, delta=-0.002907)
  SNR (proxy): 34.97 (mean_norm=0.0633, std_norm=0.0018)

[Step 6] Training Model 6...
  lambda_dual: 0.8571
Training has not converged after 400 steps
  Weighting: frank_wolfe alpha = 0.1429
  [Step 6/9] train_MMD=0.0027 alpha_opt=0.1429 oracle_top7_TVD=0.8228
  [OK] MMD improved (delta=+0.007885)
  SNR (proxy): 29.46 (mean_norm=0.0380, std_norm=0.0013)

[Step 7] Training Model 7...
  lambda_dual: 0.8750
Training has not converged after 400 steps
  Weighting: frank_wolfe alpha = 0.1250
  [Step 7/9] train_MMD=0.0028 alpha_opt=0.1250 oracle_top8_TVD=0.8163
  [WARNING] MMD worsened but kept (diagnostic, delta=-0.000075)
  SNR (proxy): 21.00 (mean_norm=0.0238, std_norm=0.0011)

[Step 8] Training Model 8...
  lambda_dual: 0.8889
Training has not converged after 400 steps
  Weighting: frank_wolfe alpha = 0.1111
  [Step 8/9] train_MMD=0.0004 alpha_opt=0.1111 oracle_top9_TVD=0.8097
  [OK] MMD improved (delta=+0.002392)
  SNR (proxy): 3.53 (mean_norm=0.0075, std_norm=0.0021)

[Step 9] Training Model 9...
  lambda_dual: 0.9000
Training has not converged after 400 steps
  Weighting: frank_wolfe alpha = 0.1000
  [Step 9/9] train_MMD=0.0001 alpha_opt=0.1000 oracle_top10_TVD=0.8032
  [OK] MMD improved (delta=+0.000337)
  SNR (proxy): 5.54 (mean_norm=0.0036, std_norm=0.0006)

Final: 10 models, MMD=-0.0005 (delta=+0.0354) F1=nan

[FCFW] Computing Fully Corrective Frank-Wolfe weights for final ensemble...
  Weighting: fully corrective QP weights = [0.0674, 0.0710, 0.1660, 0.0684, 0.1017, 0.0900, 0.0922, 0.1230, 0.0992, 0.1210]
  FCFW Sampled MMD^2: -0.000567
  FCFW Sampled TVD:   0.4542

FINAL MODEL COMPARISON (inc. FCFW)
Model      | MMD        | TVD        | TVD*       | Valid      | Cover      | F1        
----------------------------------------------------------------------------------------
Baseline   | 0.0349     | 0.829      | 0.690      | n/a        | n/a        | n/a       
Ensemble   | -0.0005    | 0.479      | 0.213      | n/a        | n/a        | n/a       
Model 0    | 0.0358     | 0.931      | 0.699      | n/a        | n/a        | n/a       
Model 1    | 0.0765     | 0.825      | 0.693      | n/a        | n/a        | n/a       
Model 2    | 0.0778     | 0.874      | 0.661      | n/a        | n/a        | n/a       
Model 3    | 0.1457     | 0.891      | 0.753      | n/a        | n/a        | n/a       
Model 4    | 0.1068     | 0.892      | 0.751      | n/a        | n/a        | n/a       
Model 5    | 0.3793     | 0.898      | 0.825      | n/a        | n/a        | n/a       
Model 6    | 0.4373     | 0.905      | 0.846      | n/a        | n/a        | n/a       
Model 7    | 0.1776     | 0.872      | 0.759      | n/a        | n/a        | n/a       
Model 8    | 0.1554     | 0.869      | 0.754      | n/a        | n/a        | n/a       
Model 9    | 0.0562     | 0.939      | 0.729      | n/a        | n/a        | n/a       
Ensemble (FCFW) | -0.0006    | 0.454      | 0.208      | n/a        | n/a        | n/a       
Saving results to out/hpo/hopfield_20q_p2_b15_20260605_111736/best_retrains/seed_004/results.csv...
Saved data/ensemble loss plot to: out/hpo/hopfield_20q_p2_b15_20260605_111736/best_retrains/seed_004/data_ensemble_loss.pdf
Saving metrics to out/hpo/hopfield_20q_p2_b15_20260605_111736/best_retrains/seed_004/dataset_metrics.json...
  [lorenz_curve] Saved to out/hpo/hopfield_20q_p2_b15_20260605_111736/best_retrains/seed_004/lorenz_curve.png
