Experiment: Boosting on Hopfield (20q, 2p)
Configuration:
  train_samples: 1000
  data_seed: 0
  n_samples: 400
  n_models: 10
  learning_rate: 0.01681706448116149
  epochs_per_step: 400
  caching_level: none
  ensemble_samples_coeff: 1.0
  init_baseline: covariance
  init_later: random
  lambda_dual: 1.0
  lambda_schedule: {'type': 'frank_wolfe', 'gamma': 1.0, 'tau': 1.0}
  n_ops: 512
  weight_strategy: frank_wolfe
  alpha_n_grid: 11
  alpha_objective_weight: 0.5
  baseline: standalone
  shots: 1000
  final_eval_sampling: True
  dataset_metrics: True
  exact_metrics: {'enabled': True, 'max_qubits': 20, 'phases': {'baseline': True, 'steps': False, 'final': True, 'per_model': True, 'fcfw': True}}
  keep_models_for_diagnosis: True
  stop_on_reject: False
  save_circuit_artifacts: False
  rng_seed: 0
  circuit_config: {'topology': 'aachen_heavy_hex', 'distance': 2, 'max_weight': 2, 'n_ancilla': 0}
  turbo: 10
  dynamic_is_within_shell: shell_uniform
  exact_sampling: True
  acceptance_metric: training_mmd
  skip_sampling: True
  report_fcfw: True
  dynamic_is: True
  dynamic_is_beta: 0.02933832022442827
  sigma: [0.7610312944789627, 0.6058378851023026]
  require_exact_sampling: True
================================================================================
Saving config to out/hpo/hopfield_20q_p2_b20_20260605_193022/best_retrains/seed_000/config.json...
Gate structure: Qubits: 20
Aachen heavy-hex topology: 39 parameters
one_qubit=20, two_qubit=19
Saved circuit structure plot to: out/hpo/hopfield_20q_p2_b20_20260605_193022/best_retrains/seed_000/circuit_structure.pdf
Using Gaussian Kernel (n_ops=512, n_qubits=20):
  - sigma=0.76103129
  - sigma=0.60583789
Expected sampled operator size:
  - p=5.782348, std=2.027454
  - p=7.439163, std=2.161505
  mean: 6.610755
  std: 2.253353
Baselines enabled: standalone

Training standalone baseline model (4000 epochs)...
Training has not converged after 4000 steps

Baseline: MMD=0.0536 F1=nan
  (Analytical baseline MMD from training: 0.051527)
Baseline used as reference: Standalone

Training ensemble Model 0 (400 epochs)...
Training has not converged after 400 steps
Model 0 final loss: 0.054227
  [Step 0/9] train_MMD=0.0538 alpha_opt=1.0000 oracle_top1_TVD=0.9034

[Step 1] Training Model 1...
  lambda_dual: 0.5000
Training has not converged after 400 steps
  Weighting: frank_wolfe alpha = 0.5000
  [Step 1/9] train_MMD=0.0387 alpha_opt=0.5000 oracle_top2_TVD=0.8067
  [OK] MMD improved (delta=+0.015048)
  SNR (proxy): 4.82 (mean_norm=0.0576, std_norm=0.0119)

[Step 2] Training Model 2...
  lambda_dual: 0.6667
Training has not converged after 400 steps
  Weighting: frank_wolfe alpha = 0.3333
  [Step 2/9] train_MMD=0.0355 alpha_opt=0.3333 oracle_top3_TVD=0.7101
  [OK] MMD improved (delta=+0.003199)
  SNR (proxy): 12.18 (mean_norm=0.0785, std_norm=0.0064)

[Step 3] Training Model 3...
  lambda_dual: 0.7500
Training has not converged after 400 steps
  Weighting: frank_wolfe alpha = 0.2500
  [Step 3/9] train_MMD=0.0162 alpha_opt=0.2500 oracle_top4_TVD=0.6135
  [OK] MMD improved (delta=+0.019286)
  SNR (proxy): 5.29 (mean_norm=0.0199, std_norm=0.0038)

[Step 4] Training Model 4...
  lambda_dual: 0.8000
Training has not converged after 400 steps
  Weighting: frank_wolfe alpha = 0.2000
  [Step 4/9] train_MMD=0.0212 alpha_opt=0.2000 oracle_top5_TVD=0.6047
  [WARNING] MMD worsened but kept (diagnostic, delta=-0.004914)
  SNR (proxy): 71.61 (mean_norm=0.0967, std_norm=0.0014)

[Step 5] Training Model 5...
  lambda_dual: 0.8333
Training has not converged after 400 steps
  Weighting: frank_wolfe alpha = 0.1667
  [Step 5/9] train_MMD=0.0040 alpha_opt=0.1667 oracle_top6_TVD=0.5960
  [OK] MMD improved (delta=+0.017190)
  SNR (proxy): 15.13 (mean_norm=0.0213, std_norm=0.0014)

[Step 6] Training Model 6...
  lambda_dual: 0.8571
Training has not converged after 400 steps
  Weighting: frank_wolfe alpha = 0.1429
  [Step 6/9] train_MMD=0.0049 alpha_opt=0.1429 oracle_top7_TVD=0.5872
  [WARNING] MMD worsened but kept (diagnostic, delta=-0.000951)
  SNR (proxy): 19.38 (mean_norm=0.0334, std_norm=0.0017)

[Step 7] Training Model 7...
  lambda_dual: 0.8750
Training has not converged after 400 steps
  Weighting: frank_wolfe alpha = 0.1250
  [Step 7/9] train_MMD=0.0010 alpha_opt=0.1250 oracle_top8_TVD=0.5784
  [OK] MMD improved (delta=+0.003904)
  SNR (proxy): 5.70 (mean_norm=0.0102, std_norm=0.0018)

[Step 8] Training Model 8...
  lambda_dual: 0.8889
Training has not converged after 400 steps
  Weighting: frank_wolfe alpha = 0.1111
  [Step 8/9] train_MMD=0.0000 alpha_opt=0.1111 oracle_top9_TVD=0.5697
  [OK] MMD improved (delta=+0.000999)
  SNR (proxy): 5.06 (mean_norm=0.0048, std_norm=0.0010)

[Step 9] Training Model 9...
  lambda_dual: 0.9000
Training has not converged after 400 steps
  Weighting: frank_wolfe alpha = 0.1000
  [Step 9/9] train_MMD=0.0002 alpha_opt=0.1000 oracle_top10_TVD=0.5609
  [WARNING] MMD worsened but kept (diagnostic, delta=-0.000186)
  SNR (proxy): 12.37 (mean_norm=0.0134, std_norm=0.0011)

Final: 10 models, MMD=0.0006 (delta=+0.0529) F1=nan

[FCFW] Computing Fully Corrective Frank-Wolfe weights for final ensemble...
  Weighting: fully corrective QP weights = [0.0312, 0.0875, 0.1316, 0.1260, 0.1275, 0.1018, 0.0850, 0.1101, 0.1411, 0.0582]
  FCFW Sampled MMD^2: -0.000313
  FCFW Sampled TVD:   0.2683

FINAL MODEL COMPARISON (inc. FCFW)
Model      | MMD        | TVD        | TVD*       | Valid      | Cover      | F1        
----------------------------------------------------------------------------------------
Baseline   | 0.0536     | 0.794      | 0.760      | n/a        | n/a        | n/a       
Ensemble   | 0.0006     | 0.312      | 0.187      | n/a        | n/a        | n/a       
Model 0    | 0.0548     | 0.892      | 0.767      | n/a        | n/a        | n/a       
Model 1    | 0.1104     | 0.818      | 0.734      | n/a        | n/a        | n/a       
Model 2    | 0.1966     | 0.818      | 0.752      | n/a        | n/a        | n/a       
Model 3    | 0.2481     | 0.816      | 0.758      | n/a        | n/a        | n/a       
Model 4    | 0.3853     | 0.828      | 0.789      | n/a        | n/a        | n/a       
Model 5    | 0.5217     | 0.849      | 0.831      | n/a        | n/a        | n/a       
Model 6    | 0.2056     | 0.817      | 0.751      | n/a        | n/a        | n/a       
Model 7    | 0.2407     | 0.814      | 0.766      | n/a        | n/a        | n/a       
Model 8    | 0.1046     | 0.799      | 0.741      | n/a        | n/a        | n/a       
Model 9    | 0.0716     | 0.842      | 0.748      | n/a        | n/a        | n/a       
Ensemble (FCFW) | -0.0003    | 0.268      | 0.164      | n/a        | n/a        | n/a       
Saving results to out/hpo/hopfield_20q_p2_b20_20260605_193022/best_retrains/seed_000/results.csv...
Saved data/ensemble loss plot to: out/hpo/hopfield_20q_p2_b20_20260605_193022/best_retrains/seed_000/data_ensemble_loss.pdf
Saving metrics to out/hpo/hopfield_20q_p2_b20_20260605_193022/best_retrains/seed_000/dataset_metrics.json...
  [lorenz_curve] Saved to out/hpo/hopfield_20q_p2_b20_20260605_193022/best_retrains/seed_000/lorenz_curve.png
Experiment: Boosting on Hopfield (20q, 2p)
Configuration:
  train_samples: 1000
  data_seed: 1
  n_samples: 400
  n_models: 10
  learning_rate: 0.01681706448116149
  epochs_per_step: 400
  caching_level: none
  ensemble_samples_coeff: 1.0
  init_baseline: covariance
  init_later: random
  lambda_dual: 1.0
  lambda_schedule: {'type': 'frank_wolfe', 'gamma': 1.0, 'tau': 1.0}
  n_ops: 512
  weight_strategy: frank_wolfe
  alpha_n_grid: 11
  alpha_objective_weight: 0.5
  baseline: standalone
  shots: 1000
  final_eval_sampling: True
  dataset_metrics: True
  exact_metrics: {'enabled': True, 'max_qubits': 20, 'phases': {'baseline': True, 'steps': False, 'final': True, 'per_model': True, 'fcfw': True}}
  keep_models_for_diagnosis: True
  stop_on_reject: False
  save_circuit_artifacts: False
  rng_seed: 1
  circuit_config: {'topology': 'aachen_heavy_hex', 'distance': 2, 'max_weight': 2, 'n_ancilla': 0}
  turbo: 10
  dynamic_is_within_shell: shell_uniform
  exact_sampling: True
  acceptance_metric: training_mmd
  skip_sampling: True
  report_fcfw: True
  dynamic_is: True
  dynamic_is_beta: 0.02933832022442827
  sigma: [0.7610312944789627, 0.6058378851023026]
  require_exact_sampling: True
================================================================================
Saving config to out/hpo/hopfield_20q_p2_b20_20260605_193022/best_retrains/seed_001/config.json...
Gate structure: Qubits: 20
Aachen heavy-hex topology: 39 parameters
one_qubit=20, two_qubit=19
Saved circuit structure plot to: out/hpo/hopfield_20q_p2_b20_20260605_193022/best_retrains/seed_001/circuit_structure.pdf
Using Gaussian Kernel (n_ops=512, n_qubits=20):
  - sigma=0.76103129
  - sigma=0.60583789
Expected sampled operator size:
  - p=5.782348, std=2.027454
  - p=7.439163, std=2.161505
  mean: 6.610755
  std: 2.253353
Baselines enabled: standalone

Training standalone baseline model (4000 epochs)...
Training has not converged after 4000 steps

Baseline: MMD=0.0555 F1=nan
  (Analytical baseline MMD from training: 0.054297)
Baseline used as reference: Standalone

Training ensemble Model 0 (400 epochs)...
Training has not converged after 400 steps
Model 0 final loss: 0.053630
  [Step 0/9] train_MMD=0.0564 alpha_opt=1.0000 oracle_top1_TVD=0.9034

[Step 1] Training Model 1...
  lambda_dual: 0.5000
Training has not converged after 400 steps
  Weighting: frank_wolfe alpha = 0.5000
  [Step 1/9] train_MMD=0.0460 alpha_opt=0.5000 oracle_top2_TVD=0.8067
  [OK] MMD improved (delta=+0.010422)
  SNR (proxy): 13.76 (mean_norm=0.0907, std_norm=0.0066)

[Step 2] Training Model 2...
  lambda_dual: 0.6667
Training has not converged after 400 steps
  Weighting: frank_wolfe alpha = 0.3333
  [Step 2/9] train_MMD=0.0241 alpha_opt=0.3333 oracle_top3_TVD=0.7101
  [OK] MMD improved (delta=+0.021823)
  SNR (proxy): 4.24 (mean_norm=0.0190, std_norm=0.0045)

[Step 3] Training Model 3...
  lambda_dual: 0.7500
Training has not converged after 400 steps
  Weighting: frank_wolfe alpha = 0.2500
  [Step 3/9] train_MMD=0.0224 alpha_opt=0.2500 oracle_top4_TVD=0.6135
  [OK] MMD improved (delta=+0.001745)
  SNR (proxy): 67.22 (mean_norm=0.1125, std_norm=0.0017)

[Step 4] Training Model 4...
  lambda_dual: 0.8000
Training has not converged after 400 steps
  Weighting: frank_wolfe alpha = 0.2000
  [Step 4/9] train_MMD=0.0083 alpha_opt=0.2000 oracle_top5_TVD=0.6047
  [OK] MMD improved (delta=+0.014058)
  SNR (proxy): 11.11 (mean_norm=0.0356, std_norm=0.0032)

[Step 5] Training Model 5...
  lambda_dual: 0.8333
Training has not converged after 400 steps
  Weighting: frank_wolfe alpha = 0.1667
  [Step 5/9] train_MMD=0.0074 alpha_opt=0.1667 oracle_top6_TVD=0.5960
  [OK] MMD improved (delta=+0.000975)
  SNR (proxy): 37.78 (mean_norm=0.0584, std_norm=0.0015)

[Step 6] Training Model 6...
  lambda_dual: 0.8571
Training has not converged after 400 steps
  Weighting: frank_wolfe alpha = 0.1429
  [Step 6/9] train_MMD=0.0014 alpha_opt=0.1429 oracle_top7_TVD=0.5872
  [OK] MMD improved (delta=+0.005939)
  SNR (proxy): 4.54 (mean_norm=0.0154, std_norm=0.0034)

[Step 7] Training Model 7...
  lambda_dual: 0.8750
Training has not converged after 400 steps
  Weighting: frank_wolfe alpha = 0.1250
  [Step 7/9] train_MMD=0.0012 alpha_opt=0.1250 oracle_top8_TVD=0.5784
  [OK] MMD improved (delta=+0.000198)
  SNR (proxy): 4.65 (mean_norm=0.0065, std_norm=0.0014)

[Step 8] Training Model 8...
  lambda_dual: 0.8889
Training has not converged after 400 steps
  Weighting: frank_wolfe alpha = 0.1111
  [Step 8/9] train_MMD=0.0002 alpha_opt=0.1111 oracle_top9_TVD=0.5697
  [OK] MMD improved (delta=+0.000998)
  SNR (proxy): 5.69 (mean_norm=0.0080, std_norm=0.0014)

[Step 9] Training Model 9...
  lambda_dual: 0.9000
Training has not converged after 400 steps
  Weighting: frank_wolfe alpha = 0.1000
  [Step 9/9] train_MMD=0.0010 alpha_opt=0.1000 oracle_top10_TVD=0.5609
  [WARNING] MMD worsened but kept (diagnostic, delta=-0.000757)
  SNR (proxy): 7.77 (mean_norm=0.0092, std_norm=0.0012)

Final: 10 models, MMD=0.0017 (delta=+0.0538) F1=nan

[FCFW] Computing Fully Corrective Frank-Wolfe weights for final ensemble...
  Weighting: fully corrective QP weights = [0.0284, 0.0481, 0.1526, 0.1152, 0.1375, 0.1096, 0.1426, 0.0983, 0.1060, 0.0617]
  FCFW Sampled MMD^2: -0.000272
  FCFW Sampled TVD:   0.2717

FINAL MODEL COMPARISON (inc. FCFW)
Model      | MMD        | TVD        | TVD*       | Valid      | Cover      | F1        
----------------------------------------------------------------------------------------
Baseline   | 0.0555     | 0.819      | 0.771      | n/a        | n/a        | n/a       
Ensemble   | 0.0017     | 0.302      | 0.184      | n/a        | n/a        | n/a       
Model 0    | 0.0571     | 0.924      | 0.783      | n/a        | n/a        | n/a       
Model 1    | 0.1569     | 0.813      | 0.734      | n/a        | n/a        | n/a       
Model 2    | 0.1178     | 0.825      | 0.747      | n/a        | n/a        | n/a       
Model 3    | 0.5589     | 0.838      | 0.805      | n/a        | n/a        | n/a       
Model 4    | 0.3166     | 0.826      | 0.793      | n/a        | n/a        | n/a       
Model 5    | 0.3841     | 0.833      | 0.799      | n/a        | n/a        | n/a       
Model 6    | 0.2417     | 0.819      | 0.766      | n/a        | n/a        | n/a       
Model 7    | 0.1222     | 0.795      | 0.742      | n/a        | n/a        | n/a       
Model 8    | 0.0979     | 0.827      | 0.722      | n/a        | n/a        | n/a       
Model 9    | 0.1531     | 0.808      | 0.743      | n/a        | n/a        | n/a       
Ensemble (FCFW) | -0.0003    | 0.272      | 0.146      | n/a        | n/a        | n/a       
Saving results to out/hpo/hopfield_20q_p2_b20_20260605_193022/best_retrains/seed_001/results.csv...
Saved data/ensemble loss plot to: out/hpo/hopfield_20q_p2_b20_20260605_193022/best_retrains/seed_001/data_ensemble_loss.pdf
Saving metrics to out/hpo/hopfield_20q_p2_b20_20260605_193022/best_retrains/seed_001/dataset_metrics.json...
  [lorenz_curve] Saved to out/hpo/hopfield_20q_p2_b20_20260605_193022/best_retrains/seed_001/lorenz_curve.png
Experiment: Boosting on Hopfield (20q, 2p)
Configuration:
  train_samples: 1000
  data_seed: 2
  n_samples: 400
  n_models: 10
  learning_rate: 0.01681706448116149
  epochs_per_step: 400
  caching_level: none
  ensemble_samples_coeff: 1.0
  init_baseline: covariance
  init_later: random
  lambda_dual: 1.0
  lambda_schedule: {'type': 'frank_wolfe', 'gamma': 1.0, 'tau': 1.0}
  n_ops: 512
  weight_strategy: frank_wolfe
  alpha_n_grid: 11
  alpha_objective_weight: 0.5
  baseline: standalone
  shots: 1000
  final_eval_sampling: True
  dataset_metrics: True
  exact_metrics: {'enabled': True, 'max_qubits': 20, 'phases': {'baseline': True, 'steps': False, 'final': True, 'per_model': True, 'fcfw': True}}
  keep_models_for_diagnosis: True
  stop_on_reject: False
  save_circuit_artifacts: False
  rng_seed: 2
  circuit_config: {'topology': 'aachen_heavy_hex', 'distance': 2, 'max_weight': 2, 'n_ancilla': 0}
  turbo: 10
  dynamic_is_within_shell: shell_uniform
  exact_sampling: True
  acceptance_metric: training_mmd
  skip_sampling: True
  report_fcfw: True
  dynamic_is: True
  dynamic_is_beta: 0.02933832022442827
  sigma: [0.7610312944789627, 0.6058378851023026]
  require_exact_sampling: True
================================================================================
Saving config to out/hpo/hopfield_20q_p2_b20_20260605_193022/best_retrains/seed_002/config.json...
Gate structure: Qubits: 20
Aachen heavy-hex topology: 39 parameters
one_qubit=20, two_qubit=19
Saved circuit structure plot to: out/hpo/hopfield_20q_p2_b20_20260605_193022/best_retrains/seed_002/circuit_structure.pdf
Using Gaussian Kernel (n_ops=512, n_qubits=20):
  - sigma=0.76103129
  - sigma=0.60583789
Expected sampled operator size:
  - p=5.782348, std=2.027454
  - p=7.439163, std=2.161505
  mean: 6.610755
  std: 2.253353
Baselines enabled: standalone

Training standalone baseline model (4000 epochs)...
Training has not converged after 4000 steps

Baseline: MMD=0.0590 F1=nan
  (Analytical baseline MMD from training: 0.055488)
Baseline used as reference: Standalone

Training ensemble Model 0 (400 epochs)...
Training has not converged after 400 steps
Model 0 final loss: 0.057105
  [Step 0/9] train_MMD=0.0607 alpha_opt=1.0000 oracle_top1_TVD=0.9034

[Step 1] Training Model 1...
  lambda_dual: 0.5000
Training has not converged after 400 steps
  Weighting: frank_wolfe alpha = 0.5000
  [Step 1/9] train_MMD=0.0446 alpha_opt=0.5000 oracle_top2_TVD=0.8067
  [OK] MMD improved (delta=+0.016068)
  SNR (proxy): 6.84 (mean_norm=0.0764, std_norm=0.0112)

[Step 2] Training Model 2...
  lambda_dual: 0.6667
Training has not converged after 400 steps
  Weighting: frank_wolfe alpha = 0.3333
  [Step 2/9] train_MMD=0.0334 alpha_opt=0.3333 oracle_top3_TVD=0.7101
  [OK] MMD improved (delta=+0.011173)
  SNR (proxy): 12.60 (mean_norm=0.0933, std_norm=0.0074)

[Step 3] Training Model 3...
  lambda_dual: 0.7500
Training has not converged after 400 steps
  Weighting: frank_wolfe alpha = 0.2500
  [Step 3/9] train_MMD=0.0138 alpha_opt=0.2500 oracle_top4_TVD=0.6135
  [OK] MMD improved (delta=+0.019602)
  SNR (proxy): 5.71 (mean_norm=0.0175, std_norm=0.0031)

[Step 4] Training Model 4...
  lambda_dual: 0.8000
Training has not converged after 400 steps
  Weighting: frank_wolfe alpha = 0.2000
  [Step 4/9] train_MMD=0.0180 alpha_opt=0.2000 oracle_top5_TVD=0.6047
  [WARNING] MMD worsened but kept (diagnostic, delta=-0.004118)
  SNR (proxy): 34.55 (mean_norm=0.0957, std_norm=0.0028)

[Step 5] Training Model 5...
  lambda_dual: 0.8333
Training has not converged after 400 steps
  Weighting: frank_wolfe alpha = 0.1667
  [Step 5/9] train_MMD=0.0046 alpha_opt=0.1667 oracle_top6_TVD=0.5960
  [OK] MMD improved (delta=+0.013392)
  SNR (proxy): 29.81 (mean_norm=0.0398, std_norm=0.0013)

[Step 6] Training Model 6...
  lambda_dual: 0.8571
Training has not converged after 400 steps
  Weighting: frank_wolfe alpha = 0.1429
  [Step 6/9] train_MMD=0.0034 alpha_opt=0.1429 oracle_top7_TVD=0.5872
  [OK] MMD improved (delta=+0.001181)
  SNR (proxy): 5.74 (mean_norm=0.0205, std_norm=0.0036)

[Step 7] Training Model 7...
  lambda_dual: 0.8750
Training has not converged after 400 steps
  Weighting: frank_wolfe alpha = 0.1250
  [Step 7/9] train_MMD=0.0003 alpha_opt=0.1250 oracle_top8_TVD=0.5784
  [OK] MMD improved (delta=+0.003053)
  SNR (proxy): 5.17 (mean_norm=0.0089, std_norm=0.0017)

[Step 8] Training Model 8...
  lambda_dual: 0.8889
Training has not converged after 400 steps
  Weighting: frank_wolfe alpha = 0.1111
  [Step 8/9] train_MMD=0.0002 alpha_opt=0.1111 oracle_top9_TVD=0.5697
  [OK] MMD improved (delta=+0.000109)
  SNR (proxy): 3.96 (mean_norm=0.0082, std_norm=0.0021)

[Step 9] Training Model 9...
  lambda_dual: 0.9000
Training has not converged after 400 steps
  Weighting: frank_wolfe alpha = 0.1000
  [Step 9/9] train_MMD=0.0009 alpha_opt=0.1000 oracle_top10_TVD=0.5609
  [WARNING] MMD worsened but kept (diagnostic, delta=-0.000639)
  SNR (proxy): 8.03 (mean_norm=0.0145, std_norm=0.0018)

Final: 10 models, MMD=0.0005 (delta=+0.0585) F1=nan

[FCFW] Computing Fully Corrective Frank-Wolfe weights for final ensemble...
  Weighting: fully corrective QP weights = [0.0286, 0.0033, 0.1775, 0.0937, 0.1493, 0.1078, 0.1425, 0.0476, 0.1373, 0.1123]
  FCFW Sampled MMD^2: -0.000280
  FCFW Sampled TVD:   0.2568

FINAL MODEL COMPARISON (inc. FCFW)
Model      | MMD        | TVD        | TVD*       | Valid      | Cover      | F1        
----------------------------------------------------------------------------------------
Baseline   | 0.0590     | 0.820      | 0.771      | n/a        | n/a        | n/a       
Ensemble   | 0.0005     | 0.293      | 0.177      | n/a        | n/a        | n/a       
Model 0    | 0.0603     | 0.924      | 0.789      | n/a        | n/a        | n/a       
Model 1    | 0.1299     | 0.817      | 0.726      | n/a        | n/a        | n/a       
Model 2    | 0.3075     | 0.818      | 0.762      | n/a        | n/a        | n/a       
Model 3    | 0.2208     | 0.821      | 0.758      | n/a        | n/a        | n/a       
Model 4    | 0.3906     | 0.835      | 0.786      | n/a        | n/a        | n/a       
Model 5    | 0.5068     | 0.854      | 0.829      | n/a        | n/a        | n/a       
Model 6    | 0.2382     | 0.810      | 0.767      | n/a        | n/a        | n/a       
Model 7    | 0.2008     | 0.813      | 0.747      | n/a        | n/a        | n/a       
Model 8    | 0.1076     | 0.802      | 0.728      | n/a        | n/a        | n/a       
Model 9    | 0.0894     | 0.807      | 0.720      | n/a        | n/a        | n/a       
Ensemble (FCFW) | -0.0003    | 0.257      | 0.136      | n/a        | n/a        | n/a       
Saving results to out/hpo/hopfield_20q_p2_b20_20260605_193022/best_retrains/seed_002/results.csv...
Saved data/ensemble loss plot to: out/hpo/hopfield_20q_p2_b20_20260605_193022/best_retrains/seed_002/data_ensemble_loss.pdf
Saving metrics to out/hpo/hopfield_20q_p2_b20_20260605_193022/best_retrains/seed_002/dataset_metrics.json...
  [lorenz_curve] Saved to out/hpo/hopfield_20q_p2_b20_20260605_193022/best_retrains/seed_002/lorenz_curve.png
Experiment: Boosting on Hopfield (20q, 2p)
Configuration:
  train_samples: 1000
  data_seed: 3
  n_samples: 400
  n_models: 10
  learning_rate: 0.01681706448116149
  epochs_per_step: 400
  caching_level: none
  ensemble_samples_coeff: 1.0
  init_baseline: covariance
  init_later: random
  lambda_dual: 1.0
  lambda_schedule: {'type': 'frank_wolfe', 'gamma': 1.0, 'tau': 1.0}
  n_ops: 512
  weight_strategy: frank_wolfe
  alpha_n_grid: 11
  alpha_objective_weight: 0.5
  baseline: standalone
  shots: 1000
  final_eval_sampling: True
  dataset_metrics: True
  exact_metrics: {'enabled': True, 'max_qubits': 20, 'phases': {'baseline': True, 'steps': False, 'final': True, 'per_model': True, 'fcfw': True}}
  keep_models_for_diagnosis: True
  stop_on_reject: False
  save_circuit_artifacts: False
  rng_seed: 3
  circuit_config: {'topology': 'aachen_heavy_hex', 'distance': 2, 'max_weight': 2, 'n_ancilla': 0}
  turbo: 10
  dynamic_is_within_shell: shell_uniform
  exact_sampling: True
  acceptance_metric: training_mmd
  skip_sampling: True
  report_fcfw: True
  dynamic_is: True
  dynamic_is_beta: 0.02933832022442827
  sigma: [0.7610312944789627, 0.6058378851023026]
  require_exact_sampling: True
================================================================================
Saving config to out/hpo/hopfield_20q_p2_b20_20260605_193022/best_retrains/seed_003/config.json...
Gate structure: Qubits: 20
Aachen heavy-hex topology: 39 parameters
one_qubit=20, two_qubit=19
Saved circuit structure plot to: out/hpo/hopfield_20q_p2_b20_20260605_193022/best_retrains/seed_003/circuit_structure.pdf
Using Gaussian Kernel (n_ops=512, n_qubits=20):
  - sigma=0.76103129
  - sigma=0.60583789
Expected sampled operator size:
  - p=5.782348, std=2.027454
  - p=7.439163, std=2.161505
  mean: 6.610755
  std: 2.253353
Baselines enabled: standalone

Training standalone baseline model (4000 epochs)...
Training has not converged after 4000 steps

Baseline: MMD=0.0560 F1=nan
  (Analytical baseline MMD from training: 0.053281)
Baseline used as reference: Standalone

Training ensemble Model 0 (400 epochs)...
Training has not converged after 400 steps
Model 0 final loss: 0.058452
  [Step 0/9] train_MMD=0.0569 alpha_opt=1.0000 oracle_top1_TVD=0.9034

[Step 1] Training Model 1...
  lambda_dual: 0.5000
Training has not converged after 400 steps
  Weighting: frank_wolfe alpha = 0.5000
  [Step 1/9] train_MMD=0.0462 alpha_opt=0.5000 oracle_top2_TVD=0.8067
  [OK] MMD improved (delta=+0.010773)
  SNR (proxy): 10.60 (mean_norm=0.0631, std_norm=0.0059)

[Step 2] Training Model 2...
  lambda_dual: 0.6667
Training has not converged after 400 steps
  Weighting: frank_wolfe alpha = 0.3333
  [Step 2/9] train_MMD=0.0336 alpha_opt=0.3333 oracle_top3_TVD=0.7101
  [OK] MMD improved (delta=+0.012564)
  SNR (proxy): 11.50 (mean_norm=0.0734, std_norm=0.0064)

[Step 3] Training Model 3...
  lambda_dual: 0.7500
Training has not converged after 400 steps
  Weighting: frank_wolfe alpha = 0.2500
  [Step 3/9] train_MMD=0.0127 alpha_opt=0.2500 oracle_top4_TVD=0.6135
  [OK] MMD improved (delta=+0.020880)
  SNR (proxy): 5.84 (mean_norm=0.0262, std_norm=0.0045)

[Step 4] Training Model 4...
  lambda_dual: 0.8000
Training has not converged after 400 steps
  Weighting: frank_wolfe alpha = 0.2000
  [Step 4/9] train_MMD=0.0038 alpha_opt=0.2000 oracle_top5_TVD=0.6047
  [OK] MMD improved (delta=+0.008922)
  SNR (proxy): 11.97 (mean_norm=0.0426, std_norm=0.0036)

[Step 5] Training Model 5...
  lambda_dual: 0.8333
Training has not converged after 400 steps
  Weighting: frank_wolfe alpha = 0.1667
  [Step 5/9] train_MMD=0.0026 alpha_opt=0.1667 oracle_top6_TVD=0.5960
  [OK] MMD improved (delta=+0.001171)
  SNR (proxy): 5.39 (mean_norm=0.0204, std_norm=0.0038)

[Step 6] Training Model 6...
  lambda_dual: 0.8571
Training has not converged after 400 steps
  Weighting: frank_wolfe alpha = 0.1429
  [Step 6/9] train_MMD=0.0039 alpha_opt=0.1429 oracle_top7_TVD=0.5872
  [WARNING] MMD worsened but kept (diagnostic, delta=-0.001295)
  SNR (proxy): 10.46 (mean_norm=0.0319, std_norm=0.0030)

[Step 7] Training Model 7...
  lambda_dual: 0.8750
Training has not converged after 400 steps
  Weighting: frank_wolfe alpha = 0.1250
  [Step 7/9] train_MMD=0.0020 alpha_opt=0.1250 oracle_top8_TVD=0.5784
  [OK] MMD improved (delta=+0.001914)
  SNR (proxy): 8.05 (mean_norm=0.0087, std_norm=0.0011)

[Step 8] Training Model 8...
  lambda_dual: 0.8889
Training has not converged after 400 steps
  Weighting: frank_wolfe alpha = 0.1111
  [Step 8/9] train_MMD=0.0022 alpha_opt=0.1111 oracle_top9_TVD=0.5697
  [WARNING] MMD worsened but kept (diagnostic, delta=-0.000203)
  SNR (proxy): 13.21 (mean_norm=0.0249, std_norm=0.0019)

[Step 9] Training Model 9...
  lambda_dual: 0.9000
Training has not converged after 400 steps
  Weighting: frank_wolfe alpha = 0.1000
  [Step 9/9] train_MMD=0.0009 alpha_opt=0.1000 oracle_top10_TVD=0.5609
  [OK] MMD improved (delta=+0.001313)
  SNR (proxy): 5.65 (mean_norm=0.0093, std_norm=0.0016)

Final: 10 models, MMD=0.0003 (delta=+0.0557) F1=nan

[FCFW] Computing Fully Corrective Frank-Wolfe weights for final ensemble...
  Weighting: fully corrective QP weights = [0.0830, 0.1126, 0.1407, 0.1799, 0.0049, 0.0000, 0.0510, 0.0941, 0.1934, 0.1403]
  FCFW Sampled MMD^2: -0.000193
  FCFW Sampled TVD:   0.2821

FINAL MODEL COMPARISON (inc. FCFW)
Model      | MMD        | TVD        | TVD*       | Valid      | Cover      | F1        
----------------------------------------------------------------------------------------
Baseline   | 0.0560     | 0.817      | 0.773      | n/a        | n/a        | n/a       
Ensemble   | 0.0003     | 0.286      | 0.201      | n/a        | n/a        | n/a       
Model 0    | 0.0575     | 0.916      | 0.806      | n/a        | n/a        | n/a       
Model 1    | 0.1298     | 0.815      | 0.724      | n/a        | n/a        | n/a       
Model 2    | 0.3115     | 0.823      | 0.765      | n/a        | n/a        | n/a       
Model 3    | 0.2478     | 0.814      | 0.765      | n/a        | n/a        | n/a       
Model 4    | 0.3901     | 0.832      | 0.791      | n/a        | n/a        | n/a       
Model 5    | 0.1833     | 0.851      | 0.785      | n/a        | n/a        | n/a       
Model 6    | 0.2841     | 0.822      | 0.776      | n/a        | n/a        | n/a       
Model 7    | 0.1879     | 0.832      | 0.749      | n/a        | n/a        | n/a       
Model 8    | 0.3363     | 0.827      | 0.774      | n/a        | n/a        | n/a       
Model 9    | 0.2970     | 0.823      | 0.771      | n/a        | n/a        | n/a       
Ensemble (FCFW) | -0.0002    | 0.282      | 0.177      | n/a        | n/a        | n/a       
Saving results to out/hpo/hopfield_20q_p2_b20_20260605_193022/best_retrains/seed_003/results.csv...
Saved data/ensemble loss plot to: out/hpo/hopfield_20q_p2_b20_20260605_193022/best_retrains/seed_003/data_ensemble_loss.pdf
Saving metrics to out/hpo/hopfield_20q_p2_b20_20260605_193022/best_retrains/seed_003/dataset_metrics.json...
  [lorenz_curve] Saved to out/hpo/hopfield_20q_p2_b20_20260605_193022/best_retrains/seed_003/lorenz_curve.png
Experiment: Boosting on Hopfield (20q, 2p)
Configuration:
  train_samples: 1000
  data_seed: 4
  n_samples: 400
  n_models: 10
  learning_rate: 0.01681706448116149
  epochs_per_step: 400
  caching_level: none
  ensemble_samples_coeff: 1.0
  init_baseline: covariance
  init_later: random
  lambda_dual: 1.0
  lambda_schedule: {'type': 'frank_wolfe', 'gamma': 1.0, 'tau': 1.0}
  n_ops: 512
  weight_strategy: frank_wolfe
  alpha_n_grid: 11
  alpha_objective_weight: 0.5
  baseline: standalone
  shots: 1000
  final_eval_sampling: True
  dataset_metrics: True
  exact_metrics: {'enabled': True, 'max_qubits': 20, 'phases': {'baseline': True, 'steps': False, 'final': True, 'per_model': True, 'fcfw': True}}
  keep_models_for_diagnosis: True
  stop_on_reject: False
  save_circuit_artifacts: False
  rng_seed: 4
  circuit_config: {'topology': 'aachen_heavy_hex', 'distance': 2, 'max_weight': 2, 'n_ancilla': 0}
  turbo: 10
  dynamic_is_within_shell: shell_uniform
  exact_sampling: True
  acceptance_metric: training_mmd
  skip_sampling: True
  report_fcfw: True
  dynamic_is: True
  dynamic_is_beta: 0.02933832022442827
  sigma: [0.7610312944789627, 0.6058378851023026]
  require_exact_sampling: True
================================================================================
Saving config to out/hpo/hopfield_20q_p2_b20_20260605_193022/best_retrains/seed_004/config.json...
Gate structure: Qubits: 20
Aachen heavy-hex topology: 39 parameters
one_qubit=20, two_qubit=19
Saved circuit structure plot to: out/hpo/hopfield_20q_p2_b20_20260605_193022/best_retrains/seed_004/circuit_structure.pdf
Using Gaussian Kernel (n_ops=512, n_qubits=20):
  - sigma=0.76103129
  - sigma=0.60583789
Expected sampled operator size:
  - p=5.782348, std=2.027454
  - p=7.439163, std=2.161505
  mean: 6.610755
  std: 2.253353
Baselines enabled: standalone

Training standalone baseline model (4000 epochs)...
Training has not converged after 4000 steps

Baseline: MMD=0.0523 F1=nan
  (Analytical baseline MMD from training: 0.050382)
Baseline used as reference: Standalone

Training ensemble Model 0 (400 epochs)...
Training has not converged after 400 steps
Model 0 final loss: 0.049305
  [Step 0/9] train_MMD=0.0533 alpha_opt=1.0000 oracle_top1_TVD=0.9034

[Step 1] Training Model 1...
  lambda_dual: 0.5000
Training has not converged after 400 steps
  Weighting: frank_wolfe alpha = 0.5000
  [Step 1/9] train_MMD=0.0383 alpha_opt=0.5000 oracle_top2_TVD=0.8067
  [OK] MMD improved (delta=+0.014988)
  SNR (proxy): 6.80 (mean_norm=0.0346, std_norm=0.0051)

[Step 2] Training Model 2...
  lambda_dual: 0.6667
Training has not converged after 400 steps
  Weighting: frank_wolfe alpha = 0.3333
  [Step 2/9] train_MMD=0.0297 alpha_opt=0.3333 oracle_top3_TVD=0.7101
  [OK] MMD improved (delta=+0.008635)
  SNR (proxy): 12.17 (mean_norm=0.0846, std_norm=0.0069)

[Step 3] Training Model 3...
  lambda_dual: 0.7500
Training has not converged after 400 steps
  Weighting: frank_wolfe alpha = 0.2500
  [Step 3/9] train_MMD=0.0145 alpha_opt=0.2500 oracle_top4_TVD=0.6135
  [OK] MMD improved (delta=+0.015146)
  SNR (proxy): 5.62 (mean_norm=0.0185, std_norm=0.0033)

[Step 4] Training Model 4...
  lambda_dual: 0.8000
Training has not converged after 400 steps
  Weighting: frank_wolfe alpha = 0.2000
  [Step 4/9] train_MMD=0.0055 alpha_opt=0.2000 oracle_top5_TVD=0.6047
  [OK] MMD improved (delta=+0.009047)
  SNR (proxy): 21.69 (mean_norm=0.0453, std_norm=0.0021)

[Step 5] Training Model 5...
  lambda_dual: 0.8333
Training has not converged after 400 steps
  Weighting: frank_wolfe alpha = 0.1667
  [Step 5/9] train_MMD=0.0028 alpha_opt=0.1667 oracle_top6_TVD=0.5960
  [OK] MMD improved (delta=+0.002631)
  SNR (proxy): 6.99 (mean_norm=0.0109, std_norm=0.0016)

[Step 6] Training Model 6...
  lambda_dual: 0.8571
Training has not converged after 400 steps
  Weighting: frank_wolfe alpha = 0.1429
  [Step 6/9] train_MMD=0.0040 alpha_opt=0.1429 oracle_top7_TVD=0.5872
  [WARNING] MMD worsened but kept (diagnostic, delta=-0.001195)
  SNR (proxy): 13.25 (mean_norm=0.0288, std_norm=0.0022)

[Step 7] Training Model 7...
  lambda_dual: 0.8750
Training has not converged after 400 steps
  Weighting: frank_wolfe alpha = 0.1250
  [Step 7/9] train_MMD=0.0018 alpha_opt=0.1250 oracle_top8_TVD=0.5784
  [OK] MMD improved (delta=+0.002248)
  SNR (proxy): 4.30 (mean_norm=0.0086, std_norm=0.0020)

[Step 8] Training Model 8...
  lambda_dual: 0.8889
Training has not converged after 400 steps
  Weighting: frank_wolfe alpha = 0.1111
  [Step 8/9] train_MMD=0.0030 alpha_opt=0.1111 oracle_top9_TVD=0.5697
  [WARNING] MMD worsened but kept (diagnostic, delta=-0.001234)
  SNR (proxy): 12.41 (mean_norm=0.0253, std_norm=0.0020)

[Step 9] Training Model 9...
  lambda_dual: 0.9000
Training has not converged after 400 steps
  Weighting: frank_wolfe alpha = 0.1000
  [Step 9/9] train_MMD=0.0009 alpha_opt=0.1000 oracle_top10_TVD=0.5609
  [OK] MMD improved (delta=+0.002155)
  SNR (proxy): 3.65 (mean_norm=0.0080, std_norm=0.0022)

Final: 10 models, MMD=0.0004 (delta=+0.0519) F1=nan

[FCFW] Computing Fully Corrective Frank-Wolfe weights for final ensemble...
  Weighting: fully corrective QP weights = [0.1061, 0.0248, 0.1196, 0.1361, 0.0731, 0.0425, 0.1123, 0.1065, 0.1587, 0.1204]
  FCFW Sampled MMD^2: -0.000045
  FCFW Sampled TVD:   0.3021

FINAL MODEL COMPARISON (inc. FCFW)
Model      | MMD        | TVD        | TVD*       | Valid      | Cover      | F1        
----------------------------------------------------------------------------------------
Baseline   | 0.0523     | 0.812      | 0.760      | n/a        | n/a        | n/a       
Ensemble   | 0.0004     | 0.324      | 0.215      | n/a        | n/a        | n/a       
Model 0    | 0.0494     | 0.885      | 0.765      | n/a        | n/a        | n/a       
Model 1    | 0.0993     | 0.828      | 0.734      | n/a        | n/a        | n/a       
Model 2    | 0.2205     | 0.820      | 0.758      | n/a        | n/a        | n/a       
Model 3    | 0.2014     | 0.823      | 0.756      | n/a        | n/a        | n/a       
Model 4    | 0.3684     | 0.835      | 0.801      | n/a        | n/a        | n/a       
Model 5    | 0.1684     | 0.843      | 0.781      | n/a        | n/a        | n/a       
Model 6    | 0.2103     | 0.823      | 0.757      | n/a        | n/a        | n/a       
Model 7    | 0.2295     | 0.813      | 0.750      | n/a        | n/a        | n/a       
Model 8    | 0.2457     | 0.818      | 0.775      | n/a        | n/a        | n/a       
Model 9    | 0.3028     | 0.824      | 0.779      | n/a        | n/a        | n/a       
Ensemble (FCFW) | -0.0000    | 0.302      | 0.190      | n/a        | n/a        | n/a       
Saving results to out/hpo/hopfield_20q_p2_b20_20260605_193022/best_retrains/seed_004/results.csv...
Saved data/ensemble loss plot to: out/hpo/hopfield_20q_p2_b20_20260605_193022/best_retrains/seed_004/data_ensemble_loss.pdf
Saving metrics to out/hpo/hopfield_20q_p2_b20_20260605_193022/best_retrains/seed_004/dataset_metrics.json...
  [lorenz_curve] Saved to out/hpo/hopfield_20q_p2_b20_20260605_193022/best_retrains/seed_004/lorenz_curve.png
