Experiment: Boosting on Hopfield (20q, 1p)
Configuration:
  train_samples: 1000
  data_seed: 0
  n_samples: 400
  n_models: 10
  learning_rate: 0.012812810989660018
  epochs_per_step: 400
  caching_level: none
  ensemble_samples_coeff: 1.0
  init_baseline: covariance
  init_later: random
  lambda_dual: 1.0
  lambda_schedule: {'type': 'frank_wolfe', 'gamma': 1.0, 'tau': 1.0}
  n_ops: 1024
  weight_strategy: frank_wolfe
  alpha_n_grid: 11
  alpha_objective_weight: 0.5
  baseline: standalone
  shots: 1000
  final_eval_sampling: True
  dataset_metrics: True
  exact_metrics: {'enabled': True, 'max_qubits': 20, 'phases': {'baseline': True, 'steps': False, 'final': True, 'per_model': True, 'fcfw': True}}
  keep_models_for_diagnosis: True
  stop_on_reject: False
  save_circuit_artifacts: False
  rng_seed: 0
  circuit_config: {'topology': 'aachen_heavy_hex', 'distance': 2, 'max_weight': 2, 'n_ancilla': 0}
  turbo: 10
  dynamic_is_within_shell: shell_uniform
  exact_sampling: True
  acceptance_metric: training_mmd
  skip_sampling: True
  report_fcfw: True
  dynamic_is: True
  dynamic_is_beta: 0.026851276874840915
  sigma: [0.6984215626820014]
  require_exact_sampling: True
================================================================================
Saving config to out/hpo/hopfield_20q_p1_b20_20260605_220450/best_retrains/seed_000/config.json...
Gate structure: Qubits: 20
Aachen heavy-hex topology: 39 parameters
one_qubit=20, two_qubit=19
Saved circuit structure plot to: out/hpo/hopfield_20q_p1_b20_20260605_220450/best_retrains/seed_000/circuit_structure.pdf
Using Gaussian Kernel (n_ops=1024, n_qubits=20):
  - sigma=0.69842156
Expected sampled operator size:
  - p=6.412127, std=2.087189
  mean: 6.412127
  std: 2.087189
Baselines enabled: standalone

Training standalone baseline model (4000 epochs)...
Training has not converged after 4000 steps

Baseline: MMD=0.1234 F1=nan
  (Analytical baseline MMD from training: 0.122419)
Baseline used as reference: Standalone

Training ensemble Model 0 (400 epochs)...
Training has not converged after 400 steps
Model 0 final loss: 0.124205
  [Step 0/9] train_MMD=0.1273 alpha_opt=1.0000 oracle_top1_TVD=0.6977

[Step 1] Training Model 1...
  lambda_dual: 0.5000
Training has not converged after 400 steps
  Weighting: frank_wolfe alpha = 0.5000
  [Step 1/9] train_MMD=0.0377 alpha_opt=0.5000 oracle_top2_TVD=0.3954
  [OK] MMD improved (delta=+0.089573)
  SNR (proxy): 2.94 (mean_norm=0.0439, std_norm=0.0149)

[Step 2] Training Model 2...
  lambda_dual: 0.6667
Training has not converged after 400 steps
  Weighting: frank_wolfe alpha = 0.3333
  [Step 2/9] train_MMD=0.0149 alpha_opt=0.3333 oracle_top3_TVD=0.3886
  [OK] MMD improved (delta=+0.022876)
  SNR (proxy): 5.18 (mean_norm=0.0552, std_norm=0.0107)

[Step 3] Training Model 3...
  lambda_dual: 0.7500
Training has not converged after 400 steps
  Weighting: frank_wolfe alpha = 0.2500
  [Step 3/9] train_MMD=0.0086 alpha_opt=0.2500 oracle_top4_TVD=0.3818
  [OK] MMD improved (delta=+0.006254)
  SNR (proxy): 6.77 (mean_norm=0.0654, std_norm=0.0097)

[Step 4] Training Model 4...
  lambda_dual: 0.8000
Training has not converged after 400 steps
  Weighting: frank_wolfe alpha = 0.2000
  [Step 4/9] train_MMD=0.0037 alpha_opt=0.2000 oracle_top5_TVD=0.3751
  [OK] MMD improved (delta=+0.004931)
  SNR (proxy): 10.53 (mean_norm=0.0558, std_norm=0.0053)

[Step 5] Training Model 5...
  lambda_dual: 0.8333
Training has not converged after 400 steps
  Weighting: frank_wolfe alpha = 0.1667
  [Step 5/9] train_MMD=0.0039 alpha_opt=0.1667 oracle_top6_TVD=0.3683
  [WARNING] MMD worsened but kept (diagnostic, delta=-0.000244)
  SNR (proxy): 7.96 (mean_norm=0.0590, std_norm=0.0074)

[Step 6] Training Model 6...
  lambda_dual: 0.8571
Training has not converged after 400 steps
  Weighting: frank_wolfe alpha = 0.1429
  [Step 6/9] train_MMD=0.0022 alpha_opt=0.1429 oracle_top7_TVD=0.3615
  [OK] MMD improved (delta=+0.001721)
  SNR (proxy): 6.57 (mean_norm=0.0517, std_norm=0.0079)

[Step 7] Training Model 7...
  lambda_dual: 0.8750
Training has not converged after 400 steps
  Weighting: frank_wolfe alpha = 0.1250
  [Step 7/9] train_MMD=0.0022 alpha_opt=0.1250 oracle_top8_TVD=0.3548
  [WARNING] MMD worsened but kept (diagnostic, delta=-0.000006)
  SNR (proxy): 7.94 (mean_norm=0.0443, std_norm=0.0056)

[Step 8] Training Model 8...
  lambda_dual: 0.8889
Training has not converged after 400 steps
  Weighting: frank_wolfe alpha = 0.1111
  [Step 8/9] train_MMD=0.0012 alpha_opt=0.1111 oracle_top9_TVD=0.3480
  [OK] MMD improved (delta=+0.000970)
  SNR (proxy): 5.43 (mean_norm=0.0447, std_norm=0.0082)

[Step 9] Training Model 9...
  lambda_dual: 0.9000
Training has not converged after 400 steps
  Weighting: frank_wolfe alpha = 0.1000
  [Step 9/9] train_MMD=0.0016 alpha_opt=0.1000 oracle_top10_TVD=0.3413
  [WARNING] MMD worsened but kept (diagnostic, delta=-0.000327)
  SNR (proxy): 8.46 (mean_norm=0.0375, std_norm=0.0044)

Final: 10 models, MMD=0.0017 (delta=+0.1218) F1=nan

[FCFW] Computing Fully Corrective Frank-Wolfe weights for final ensemble...
  Weighting: fully corrective QP weights = [0.0124, 0.0000, 0.0000, 0.0101, 0.0563, 0.1178, 0.2900, 0.2995, 0.1523, 0.0616]
  FCFW Sampled MMD^2: -0.000582
  FCFW Sampled TVD:   0.1978

FINAL MODEL COMPARISON (inc. FCFW)
Model      | MMD        | TVD        | TVD*       | Valid      | Cover      | F1        
----------------------------------------------------------------------------------------
Baseline   | 0.1234     | 0.568      | 0.525      | n/a        | n/a        | n/a       
Ensemble   | 0.0017     | 0.183      | 0.115      | n/a        | n/a        | n/a       
Model 0    | 0.1248     | 0.671      | 0.511      | n/a        | n/a        | n/a       
Model 1    | 0.2586     | 0.647      | 0.629      | n/a        | n/a        | n/a       
Model 2    | 0.2501     | 0.595      | 0.538      | n/a        | n/a        | n/a       
Model 3    | 0.3370     | 0.608      | 0.543      | n/a        | n/a        | n/a       
Model 4    | 0.2508     | 0.609      | 0.532      | n/a        | n/a        | n/a       
Model 5    | 0.2249     | 0.595      | 0.533      | n/a        | n/a        | n/a       
Model 6    | 0.2451     | 0.621      | 0.523      | n/a        | n/a        | n/a       
Model 7    | 0.3220     | 0.601      | 0.531      | n/a        | n/a        | n/a       
Model 8    | 0.2568     | 0.602      | 0.540      | n/a        | n/a        | n/a       
Model 9    | 0.3124     | 0.608      | 0.533      | n/a        | n/a        | n/a       
Ensemble (FCFW) | -0.0006    | 0.198      | 0.116      | n/a        | n/a        | n/a       
Saving results to out/hpo/hopfield_20q_p1_b20_20260605_220450/best_retrains/seed_000/results.csv...
Saved data/ensemble loss plot to: out/hpo/hopfield_20q_p1_b20_20260605_220450/best_retrains/seed_000/data_ensemble_loss.pdf
Saving metrics to out/hpo/hopfield_20q_p1_b20_20260605_220450/best_retrains/seed_000/dataset_metrics.json...
  [lorenz_curve] Saved to out/hpo/hopfield_20q_p1_b20_20260605_220450/best_retrains/seed_000/lorenz_curve.png
Experiment: Boosting on Hopfield (20q, 1p)
Configuration:
  train_samples: 1000
  data_seed: 1
  n_samples: 400
  n_models: 10
  learning_rate: 0.012812810989660018
  epochs_per_step: 400
  caching_level: none
  ensemble_samples_coeff: 1.0
  init_baseline: covariance
  init_later: random
  lambda_dual: 1.0
  lambda_schedule: {'type': 'frank_wolfe', 'gamma': 1.0, 'tau': 1.0}
  n_ops: 1024
  weight_strategy: frank_wolfe
  alpha_n_grid: 11
  alpha_objective_weight: 0.5
  baseline: standalone
  shots: 1000
  final_eval_sampling: True
  dataset_metrics: True
  exact_metrics: {'enabled': True, 'max_qubits': 20, 'phases': {'baseline': True, 'steps': False, 'final': True, 'per_model': True, 'fcfw': True}}
  keep_models_for_diagnosis: True
  stop_on_reject: False
  save_circuit_artifacts: False
  rng_seed: 1
  circuit_config: {'topology': 'aachen_heavy_hex', 'distance': 2, 'max_weight': 2, 'n_ancilla': 0}
  turbo: 10
  dynamic_is_within_shell: shell_uniform
  exact_sampling: True
  acceptance_metric: training_mmd
  skip_sampling: True
  report_fcfw: True
  dynamic_is: True
  dynamic_is_beta: 0.026851276874840915
  sigma: [0.6984215626820014]
  require_exact_sampling: True
================================================================================
Saving config to out/hpo/hopfield_20q_p1_b20_20260605_220450/best_retrains/seed_001/config.json...
Gate structure: Qubits: 20
Aachen heavy-hex topology: 39 parameters
one_qubit=20, two_qubit=19
Saved circuit structure plot to: out/hpo/hopfield_20q_p1_b20_20260605_220450/best_retrains/seed_001/circuit_structure.pdf
Using Gaussian Kernel (n_ops=1024, n_qubits=20):
  - sigma=0.69842156
Expected sampled operator size:
  - p=6.412127, std=2.087189
  mean: 6.412127
  std: 2.087189
Baselines enabled: standalone

Training standalone baseline model (4000 epochs)...
Training has not converged after 4000 steps

Baseline: MMD=0.1293 F1=nan
  (Analytical baseline MMD from training: 0.128849)
Baseline used as reference: Standalone

Training ensemble Model 0 (400 epochs)...
Training has not converged after 400 steps
Model 0 final loss: 0.131169
  [Step 0/9] train_MMD=0.1279 alpha_opt=1.0000 oracle_top1_TVD=0.6977

[Step 1] Training Model 1...
  lambda_dual: 0.5000
Training has not converged after 400 steps
  Weighting: frank_wolfe alpha = 0.5000
  [Step 1/9] train_MMD=0.0329 alpha_opt=0.5000 oracle_top2_TVD=0.3954
  [OK] MMD improved (delta=+0.095091)
  SNR (proxy): 3.68 (mean_norm=0.0438, std_norm=0.0119)

[Step 2] Training Model 2...
  lambda_dual: 0.6667
Training has not converged after 400 steps
  Weighting: frank_wolfe alpha = 0.3333
  [Step 2/9] train_MMD=0.0119 alpha_opt=0.3333 oracle_top3_TVD=0.3886
  [OK] MMD improved (delta=+0.020945)
  SNR (proxy): 5.04 (mean_norm=0.0858, std_norm=0.0170)

[Step 3] Training Model 3...
  lambda_dual: 0.7500
Training has not converged after 400 steps
  Weighting: frank_wolfe alpha = 0.2500
  [Step 3/9] train_MMD=0.0084 alpha_opt=0.2500 oracle_top4_TVD=0.3818
  [OK] MMD improved (delta=+0.003473)
  SNR (proxy): 6.83 (mean_norm=0.0755, std_norm=0.0111)

[Step 4] Training Model 4...
  lambda_dual: 0.8000
Training has not converged after 400 steps
  Weighting: frank_wolfe alpha = 0.2000
  [Step 4/9] train_MMD=0.0210 alpha_opt=0.2000 oracle_top5_TVD=0.3751
  [WARNING] MMD worsened but kept (diagnostic, delta=-0.012513)
  SNR (proxy): 8.98 (mean_norm=0.0691, std_norm=0.0077)

[Step 5] Training Model 5...
  lambda_dual: 0.8333
Training has not converged after 400 steps
  Weighting: frank_wolfe alpha = 0.1667
  [Step 5/9] train_MMD=0.0040 alpha_opt=0.1667 oracle_top6_TVD=0.3683
  [OK] MMD improved (delta=+0.016934)
  SNR (proxy): 15.61 (mean_norm=0.0000, std_norm=0.0000)

[Step 6] Training Model 6...
  lambda_dual: 0.8571
Training has not converged after 400 steps
  Weighting: frank_wolfe alpha = 0.1429
  [Step 6/9] train_MMD=0.0154 alpha_opt=0.1429 oracle_top7_TVD=0.3615
  [WARNING] MMD worsened but kept (diagnostic, delta=-0.011355)
  SNR (proxy): 9.47 (mean_norm=0.0133, std_norm=0.0014)

[Step 7] Training Model 7...
  lambda_dual: 0.8750
Training has not converged after 400 steps
  Weighting: frank_wolfe alpha = 0.1250
  [Step 7/9] train_MMD=0.0182 alpha_opt=0.1250 oracle_top8_TVD=0.3548
  [WARNING] MMD worsened but kept (diagnostic, delta=-0.002858)
  SNR (proxy): 8.45 (mean_norm=0.0000, std_norm=0.0000)

[Step 8] Training Model 8...
  lambda_dual: 0.8889
Training has not converged after 400 steps
  Weighting: frank_wolfe alpha = 0.1111
  [Step 8/9] train_MMD=0.0247 alpha_opt=0.1111 oracle_top9_TVD=0.3480
  [WARNING] MMD worsened but kept (diagnostic, delta=-0.006455)
  SNR (proxy): 13.32 (mean_norm=0.0206, std_norm=0.0015)

[Step 9] Training Model 9...
  lambda_dual: 0.9000
Training has not converged after 400 steps
  Weighting: frank_wolfe alpha = 0.1000
  [Step 9/9] train_MMD=0.0305 alpha_opt=0.1000 oracle_top10_TVD=0.3413
  [WARNING] MMD worsened but kept (diagnostic, delta=-0.005768)
  SNR (proxy): 17.06 (mean_norm=0.0149, std_norm=0.0009)

Final: 10 models, MMD=0.0333 (delta=+0.0960) F1=nan

[FCFW] Computing Fully Corrective Frank-Wolfe weights for final ensemble...
  Weighting: fully corrective QP weights = [0.0291, 0.0860, 0.3864, 0.3940, 0.0311, 0.0277, 0.0000, 0.0277, 0.0000, 0.0180]
  FCFW Sampled MMD^2: -0.000498
  FCFW Sampled TVD:   0.2091

FINAL MODEL COMPARISON (inc. FCFW)
Model      | MMD        | TVD        | TVD*       | Valid      | Cover      | F1        
----------------------------------------------------------------------------------------
Baseline   | 0.1293     | 0.609      | 0.561      | n/a        | n/a        | n/a       
Ensemble   | 0.0333     | 0.414      | 0.332      | n/a        | n/a        | n/a       
Model 0    | 0.1264     | 0.635      | 0.526      | n/a        | n/a        | n/a       
Model 1    | 0.2554     | 0.654      | 0.610      | n/a        | n/a        | n/a       
Model 2    | 0.2750     | 0.616      | 0.519      | n/a        | n/a        | n/a       
Model 3    | 0.2506     | 0.608      | 0.558      | n/a        | n/a        | n/a       
Model 4    | 0.1491     | 0.731      | 0.632      | n/a        | n/a        | n/a       
Model 5    | 0.5162     | 0.698      | 0.698      | n/a        | n/a        | n/a       
Model 6    | 0.2632     | 1.000      | 0.984      | n/a        | n/a        | n/a       
Model 7    | 0.5162     | 0.698      | 0.698      | n/a        | n/a        | n/a       
Model 8    | 0.2422     | 0.984      | 0.945      | n/a        | n/a        | n/a       
Model 9    | 0.4094     | 0.657      | 0.644      | n/a        | n/a        | n/a       
Ensemble (FCFW) | -0.0005    | 0.209      | 0.130      | n/a        | n/a        | n/a       
Saving results to out/hpo/hopfield_20q_p1_b20_20260605_220450/best_retrains/seed_001/results.csv...
Saved data/ensemble loss plot to: out/hpo/hopfield_20q_p1_b20_20260605_220450/best_retrains/seed_001/data_ensemble_loss.pdf
Saving metrics to out/hpo/hopfield_20q_p1_b20_20260605_220450/best_retrains/seed_001/dataset_metrics.json...
  [lorenz_curve] Saved to out/hpo/hopfield_20q_p1_b20_20260605_220450/best_retrains/seed_001/lorenz_curve.png
Experiment: Boosting on Hopfield (20q, 1p)
Configuration:
  train_samples: 1000
  data_seed: 2
  n_samples: 400
  n_models: 10
  learning_rate: 0.012812810989660018
  epochs_per_step: 400
  caching_level: none
  ensemble_samples_coeff: 1.0
  init_baseline: covariance
  init_later: random
  lambda_dual: 1.0
  lambda_schedule: {'type': 'frank_wolfe', 'gamma': 1.0, 'tau': 1.0}
  n_ops: 1024
  weight_strategy: frank_wolfe
  alpha_n_grid: 11
  alpha_objective_weight: 0.5
  baseline: standalone
  shots: 1000
  final_eval_sampling: True
  dataset_metrics: True
  exact_metrics: {'enabled': True, 'max_qubits': 20, 'phases': {'baseline': True, 'steps': False, 'final': True, 'per_model': True, 'fcfw': True}}
  keep_models_for_diagnosis: True
  stop_on_reject: False
  save_circuit_artifacts: False
  rng_seed: 2
  circuit_config: {'topology': 'aachen_heavy_hex', 'distance': 2, 'max_weight': 2, 'n_ancilla': 0}
  turbo: 10
  dynamic_is_within_shell: shell_uniform
  exact_sampling: True
  acceptance_metric: training_mmd
  skip_sampling: True
  report_fcfw: True
  dynamic_is: True
  dynamic_is_beta: 0.026851276874840915
  sigma: [0.6984215626820014]
  require_exact_sampling: True
================================================================================
Saving config to out/hpo/hopfield_20q_p1_b20_20260605_220450/best_retrains/seed_002/config.json...
Gate structure: Qubits: 20
Aachen heavy-hex topology: 39 parameters
one_qubit=20, two_qubit=19
Saved circuit structure plot to: out/hpo/hopfield_20q_p1_b20_20260605_220450/best_retrains/seed_002/circuit_structure.pdf
Using Gaussian Kernel (n_ops=1024, n_qubits=20):
  - sigma=0.69842156
Expected sampled operator size:
  - p=6.412127, std=2.087189
  mean: 6.412127
  std: 2.087189
Baselines enabled: standalone

Training standalone baseline model (4000 epochs)...
Training has not converged after 4000 steps

Baseline: MMD=0.1295 F1=nan
  (Analytical baseline MMD from training: 0.129989)
Baseline used as reference: Standalone

Training ensemble Model 0 (400 epochs)...
Training has not converged after 400 steps
Model 0 final loss: 0.127229
  [Step 0/9] train_MMD=0.1269 alpha_opt=1.0000 oracle_top1_TVD=0.6977

[Step 1] Training Model 1...
  lambda_dual: 0.5000
Training has not converged after 400 steps
  Weighting: frank_wolfe alpha = 0.5000
  [Step 1/9] train_MMD=0.0324 alpha_opt=0.5000 oracle_top2_TVD=0.3954
  [OK] MMD improved (delta=+0.094565)
  SNR (proxy): 3.08 (mean_norm=0.0496, std_norm=0.0161)

[Step 2] Training Model 2...
  lambda_dual: 0.6667
Training has not converged after 400 steps
  Weighting: frank_wolfe alpha = 0.3333
  [Step 2/9] train_MMD=0.0154 alpha_opt=0.3333 oracle_top3_TVD=0.3886
  [OK] MMD improved (delta=+0.016915)
  SNR (proxy): 4.12 (mean_norm=0.0322, std_norm=0.0078)

[Step 3] Training Model 3...
  lambda_dual: 0.7500
Training has not converged after 400 steps
  Weighting: frank_wolfe alpha = 0.2500
  [Step 3/9] train_MMD=0.0054 alpha_opt=0.2500 oracle_top4_TVD=0.3818
  [OK] MMD improved (delta=+0.010050)
  SNR (proxy): 4.60 (mean_norm=0.0820, std_norm=0.0178)

[Step 4] Training Model 4...
  lambda_dual: 0.8000
Training has not converged after 400 steps
  Weighting: frank_wolfe alpha = 0.2000
  [Step 4/9] train_MMD=0.0229 alpha_opt=0.2000 oracle_top5_TVD=0.3751
  [WARNING] MMD worsened but kept (diagnostic, delta=-0.017460)
  SNR (proxy): 6.40 (mean_norm=0.0222, std_norm=0.0035)

[Step 5] Training Model 5...
  lambda_dual: 0.8333
Training has not converged after 400 steps
  Weighting: frank_wolfe alpha = 0.1667
  [Step 5/9] train_MMD=0.0002 alpha_opt=0.1667 oracle_top6_TVD=0.3683
  [OK] MMD improved (delta=+0.022675)
  SNR (proxy): 12.87 (mean_norm=0.0206, std_norm=0.0016)

[Step 6] Training Model 6...
  lambda_dual: 0.8571
Training has not converged after 400 steps
  Weighting: frank_wolfe alpha = 0.1429
  [Step 6/9] train_MMD=0.0039 alpha_opt=0.1429 oracle_top7_TVD=0.3615
  [WARNING] MMD worsened but kept (diagnostic, delta=-0.003715)
  SNR (proxy): 4.82 (mean_norm=0.0321, std_norm=0.0066)

[Step 7] Training Model 7...
  lambda_dual: 0.8750
Training has not converged after 400 steps
  Weighting: frank_wolfe alpha = 0.1250
  [Step 7/9] train_MMD=0.0007 alpha_opt=0.1250 oracle_top8_TVD=0.3548
  [OK] MMD improved (delta=+0.003249)
  SNR (proxy): 8.94 (mean_norm=0.0697, std_norm=0.0078)

[Step 8] Training Model 8...
  lambda_dual: 0.8889
Training has not converged after 400 steps
  Weighting: frank_wolfe alpha = 0.1111
  [Step 8/9] train_MMD=0.0062 alpha_opt=0.1111 oracle_top9_TVD=0.3480
  [WARNING] MMD worsened but kept (diagnostic, delta=-0.005580)
  SNR (proxy): 25.45 (mean_norm=0.0177, std_norm=0.0007)

[Step 9] Training Model 9...
  lambda_dual: 0.9000
Training has not converged after 400 steps
  Weighting: frank_wolfe alpha = 0.1000
  [Step 9/9] train_MMD=0.0002 alpha_opt=0.1000 oracle_top10_TVD=0.3413
  [OK] MMD improved (delta=+0.006077)
  SNR (proxy): 16.18 (mean_norm=0.0100, std_norm=0.0006)

Final: 10 models, MMD=-0.0007 (delta=+0.1302) F1=nan

[FCFW] Computing Fully Corrective Frank-Wolfe weights for final ensemble...
  Weighting: fully corrective QP weights = [0.0316, 0.0000, 0.1545, 0.3468, 0.0000, 0.0859, 0.2244, 0.0000, 0.1413, 0.0155]
  FCFW Sampled MMD^2: -0.000407
  FCFW Sampled TVD:   0.1878

FINAL MODEL COMPARISON (inc. FCFW)
Model      | MMD        | TVD        | TVD*       | Valid      | Cover      | F1        
----------------------------------------------------------------------------------------
Baseline   | 0.1295     | 0.601      | 0.568      | n/a        | n/a        | n/a       
Ensemble   | -0.0007    | 0.184      | 0.121      | n/a        | n/a        | n/a       
Model 0    | 0.1297     | 0.600      | 0.547      | n/a        | n/a        | n/a       
Model 1    | 0.2435     | 0.654      | 0.610      | n/a        | n/a        | n/a       
Model 2    | 0.2787     | 0.589      | 0.536      | n/a        | n/a        | n/a       
Model 3    | 0.2418     | 0.587      | 0.505      | n/a        | n/a        | n/a       
Model 4    | 0.2464     | 0.581      | 0.518      | n/a        | n/a        | n/a       
Model 5    | 0.5091     | 0.684      | 0.679      | n/a        | n/a        | n/a       
Model 6    | 0.1802     | 0.566      | 0.505      | n/a        | n/a        | n/a       
Model 7    | 0.2079     | 0.594      | 0.519      | n/a        | n/a        | n/a       
Model 8    | 0.4518     | 0.670      | 0.637      | n/a        | n/a        | n/a       
Model 9    | 0.4875     | 0.677      | 0.673      | n/a        | n/a        | n/a       
Ensemble (FCFW) | -0.0004    | 0.188      | 0.084      | n/a        | n/a        | n/a       
Saving results to out/hpo/hopfield_20q_p1_b20_20260605_220450/best_retrains/seed_002/results.csv...
Saved data/ensemble loss plot to: out/hpo/hopfield_20q_p1_b20_20260605_220450/best_retrains/seed_002/data_ensemble_loss.pdf
Saving metrics to out/hpo/hopfield_20q_p1_b20_20260605_220450/best_retrains/seed_002/dataset_metrics.json...
  [lorenz_curve] Saved to out/hpo/hopfield_20q_p1_b20_20260605_220450/best_retrains/seed_002/lorenz_curve.png
Experiment: Boosting on Hopfield (20q, 1p)
Configuration:
  train_samples: 1000
  data_seed: 3
  n_samples: 400
  n_models: 10
  learning_rate: 0.012812810989660018
  epochs_per_step: 400
  caching_level: none
  ensemble_samples_coeff: 1.0
  init_baseline: covariance
  init_later: random
  lambda_dual: 1.0
  lambda_schedule: {'type': 'frank_wolfe', 'gamma': 1.0, 'tau': 1.0}
  n_ops: 1024
  weight_strategy: frank_wolfe
  alpha_n_grid: 11
  alpha_objective_weight: 0.5
  baseline: standalone
  shots: 1000
  final_eval_sampling: True
  dataset_metrics: True
  exact_metrics: {'enabled': True, 'max_qubits': 20, 'phases': {'baseline': True, 'steps': False, 'final': True, 'per_model': True, 'fcfw': True}}
  keep_models_for_diagnosis: True
  stop_on_reject: False
  save_circuit_artifacts: False
  rng_seed: 3
  circuit_config: {'topology': 'aachen_heavy_hex', 'distance': 2, 'max_weight': 2, 'n_ancilla': 0}
  turbo: 10
  dynamic_is_within_shell: shell_uniform
  exact_sampling: True
  acceptance_metric: training_mmd
  skip_sampling: True
  report_fcfw: True
  dynamic_is: True
  dynamic_is_beta: 0.026851276874840915
  sigma: [0.6984215626820014]
  require_exact_sampling: True
================================================================================
Saving config to out/hpo/hopfield_20q_p1_b20_20260605_220450/best_retrains/seed_003/config.json...
Gate structure: Qubits: 20
Aachen heavy-hex topology: 39 parameters
one_qubit=20, two_qubit=19
Saved circuit structure plot to: out/hpo/hopfield_20q_p1_b20_20260605_220450/best_retrains/seed_003/circuit_structure.pdf
Using Gaussian Kernel (n_ops=1024, n_qubits=20):
  - sigma=0.69842156
Expected sampled operator size:
  - p=6.412127, std=2.087189
  mean: 6.412127
  std: 2.087189
Baselines enabled: standalone

Training standalone baseline model (4000 epochs)...
Training has not converged after 4000 steps

Baseline: MMD=0.1336 F1=nan
  (Analytical baseline MMD from training: 0.132568)
Baseline used as reference: Standalone

Training ensemble Model 0 (400 epochs)...
Training has not converged after 400 steps
Model 0 final loss: 0.131755
  [Step 0/9] train_MMD=0.1326 alpha_opt=1.0000 oracle_top1_TVD=0.6977

[Step 1] Training Model 1...
  lambda_dual: 0.5000
Training has not converged after 400 steps
  Weighting: frank_wolfe alpha = 0.5000
  [Step 1/9] train_MMD=0.1711 alpha_opt=0.5000 oracle_top2_TVD=0.3954
  [WARNING] MMD worsened but kept (diagnostic, delta=-0.038505)
  SNR (proxy): 8.20 (mean_norm=0.0270, std_norm=0.0033)

[Step 2] Training Model 2...
  lambda_dual: 0.6667
Training has not converged after 400 steps
  Weighting: frank_wolfe alpha = 0.3333
  [Step 2/9] train_MMD=0.0547 alpha_opt=0.3333 oracle_top3_TVD=0.3886
  [OK] MMD improved (delta=+0.116462)
  SNR (proxy): 11.15 (mean_norm=0.0000, std_norm=0.0000)

[Step 3] Training Model 3...
  lambda_dual: 0.7500
Training has not converged after 400 steps
  Weighting: frank_wolfe alpha = 0.2500
  [Step 3/9] train_MMD=0.0733 alpha_opt=0.2500 oracle_top4_TVD=0.3818
  [WARNING] MMD worsened but kept (diagnostic, delta=-0.018659)
  SNR (proxy): 4.13 (mean_norm=0.0282, std_norm=0.0068)

[Step 4] Training Model 4...
  lambda_dual: 0.8000
Training has not converged after 400 steps
  Weighting: frank_wolfe alpha = 0.2000
  [Step 4/9] train_MMD=0.0088 alpha_opt=0.2000 oracle_top5_TVD=0.3751
  [OK] MMD improved (delta=+0.064581)
  SNR (proxy): 10.24 (mean_norm=0.0000, std_norm=0.0000)

[Step 5] Training Model 5...
  lambda_dual: 0.8333
Training has not converged after 400 steps
  Weighting: frank_wolfe alpha = 0.1667
  [Step 5/9] train_MMD=0.0101 alpha_opt=0.1667 oracle_top6_TVD=0.3683
  [WARNING] MMD worsened but kept (diagnostic, delta=-0.001319)
  SNR (proxy): 20.25 (mean_norm=0.0000, std_norm=0.0000)

[Step 6] Training Model 6...
  lambda_dual: 0.8571
Training has not converged after 400 steps
  Weighting: frank_wolfe alpha = 0.1429
  [Step 6/9] train_MMD=0.0012 alpha_opt=0.1429 oracle_top7_TVD=0.3615
  [OK] MMD improved (delta=+0.008901)
  SNR (proxy): 9.58 (mean_norm=0.0514, std_norm=0.0054)

[Step 7] Training Model 7...
  lambda_dual: 0.8750
Training has not converged after 400 steps
  Weighting: frank_wolfe alpha = 0.1250
  [Step 7/9] train_MMD=0.0052 alpha_opt=0.1250 oracle_top8_TVD=0.3548
  [WARNING] MMD worsened but kept (diagnostic, delta=-0.004031)
  SNR (proxy): 13.83 (mean_norm=0.0136, std_norm=0.0010)

[Step 8] Training Model 8...
  lambda_dual: 0.8889
Training has not converged after 400 steps
  Weighting: frank_wolfe alpha = 0.1111
  [Step 8/9] train_MMD=0.0004 alpha_opt=0.1111 oracle_top9_TVD=0.3480
  [OK] MMD improved (delta=+0.004801)
  SNR (proxy): 10.85 (mean_norm=0.0449, std_norm=0.0041)

[Step 9] Training Model 9...
  lambda_dual: 0.9000
Training has not converged after 400 steps
  Weighting: frank_wolfe alpha = 0.1000
  [Step 9/9] train_MMD=0.0022 alpha_opt=0.1000 oracle_top10_TVD=0.3413
  [WARNING] MMD worsened but kept (diagnostic, delta=-0.001764)
  SNR (proxy): 5.82 (mean_norm=0.0217, std_norm=0.0037)

Final: 10 models, MMD=0.0049 (delta=+0.1287) F1=nan

[FCFW] Computing Fully Corrective Frank-Wolfe weights for final ensemble...
  Weighting: fully corrective QP weights = [0.2094, 0.0000, 0.0557, 0.1695, 0.0729, 0.0729, 0.1203, 0.1581, 0.0944, 0.0469]
  FCFW Sampled MMD^2: 0.000661
  FCFW Sampled TVD:   0.2203

FINAL MODEL COMPARISON (inc. FCFW)
Model      | MMD        | TVD        | TVD*       | Valid      | Cover      | F1        
----------------------------------------------------------------------------------------
Baseline   | 0.1336     | 0.588      | 0.563      | n/a        | n/a        | n/a       
Ensemble   | 0.0049     | 0.262      | 0.188      | n/a        | n/a        | n/a       
Model 0    | 0.1337     | 0.650      | 0.552      | n/a        | n/a        | n/a       
Model 1    | 0.2603     | 1.000      | 0.991      | n/a        | n/a        | n/a       
Model 2    | 0.5468     | 0.698      | 0.698      | n/a        | n/a        | n/a       
Model 3    | 0.1794     | 0.580      | 0.507      | n/a        | n/a        | n/a       
Model 4    | 0.5367     | 0.698      | 0.698      | n/a        | n/a        | n/a       
Model 5    | 0.5367     | 0.698      | 0.698      | n/a        | n/a        | n/a       
Model 6    | 0.3636     | 0.629      | 0.594      | n/a        | n/a        | n/a       
Model 7    | 0.3857     | 0.657      | 0.631      | n/a        | n/a        | n/a       
Model 8    | 0.3511     | 0.629      | 0.579      | n/a        | n/a        | n/a       
Model 9    | 0.2028     | 0.620      | 0.559      | n/a        | n/a        | n/a       
Ensemble (FCFW) | 0.0007     | 0.220      | 0.145      | n/a        | n/a        | n/a       
Saving results to out/hpo/hopfield_20q_p1_b20_20260605_220450/best_retrains/seed_003/results.csv...
Saved data/ensemble loss plot to: out/hpo/hopfield_20q_p1_b20_20260605_220450/best_retrains/seed_003/data_ensemble_loss.pdf
Saving metrics to out/hpo/hopfield_20q_p1_b20_20260605_220450/best_retrains/seed_003/dataset_metrics.json...
  [lorenz_curve] Saved to out/hpo/hopfield_20q_p1_b20_20260605_220450/best_retrains/seed_003/lorenz_curve.png
Experiment: Boosting on Hopfield (20q, 1p)
Configuration:
  train_samples: 1000
  data_seed: 4
  n_samples: 400
  n_models: 10
  learning_rate: 0.012812810989660018
  epochs_per_step: 400
  caching_level: none
  ensemble_samples_coeff: 1.0
  init_baseline: covariance
  init_later: random
  lambda_dual: 1.0
  lambda_schedule: {'type': 'frank_wolfe', 'gamma': 1.0, 'tau': 1.0}
  n_ops: 1024
  weight_strategy: frank_wolfe
  alpha_n_grid: 11
  alpha_objective_weight: 0.5
  baseline: standalone
  shots: 1000
  final_eval_sampling: True
  dataset_metrics: True
  exact_metrics: {'enabled': True, 'max_qubits': 20, 'phases': {'baseline': True, 'steps': False, 'final': True, 'per_model': True, 'fcfw': True}}
  keep_models_for_diagnosis: True
  stop_on_reject: False
  save_circuit_artifacts: False
  rng_seed: 4
  circuit_config: {'topology': 'aachen_heavy_hex', 'distance': 2, 'max_weight': 2, 'n_ancilla': 0}
  turbo: 10
  dynamic_is_within_shell: shell_uniform
  exact_sampling: True
  acceptance_metric: training_mmd
  skip_sampling: True
  report_fcfw: True
  dynamic_is: True
  dynamic_is_beta: 0.026851276874840915
  sigma: [0.6984215626820014]
  require_exact_sampling: True
================================================================================
Saving config to out/hpo/hopfield_20q_p1_b20_20260605_220450/best_retrains/seed_004/config.json...
Gate structure: Qubits: 20
Aachen heavy-hex topology: 39 parameters
one_qubit=20, two_qubit=19
Saved circuit structure plot to: out/hpo/hopfield_20q_p1_b20_20260605_220450/best_retrains/seed_004/circuit_structure.pdf
Using Gaussian Kernel (n_ops=1024, n_qubits=20):
  - sigma=0.69842156
Expected sampled operator size:
  - p=6.412127, std=2.087189
  mean: 6.412127
  std: 2.087189
Baselines enabled: standalone

Training standalone baseline model (4000 epochs)...
Training has not converged after 4000 steps

Baseline: MMD=0.1196 F1=nan
  (Analytical baseline MMD from training: 0.119135)
Baseline used as reference: Standalone

Training ensemble Model 0 (400 epochs)...
Training has not converged after 400 steps
Model 0 final loss: 0.119477
  [Step 0/9] train_MMD=0.1214 alpha_opt=1.0000 oracle_top1_TVD=0.6977

[Step 1] Training Model 1...
  lambda_dual: 0.5000
Training has not converged after 400 steps
  Weighting: frank_wolfe alpha = 0.5000
  [Step 1/9] train_MMD=0.0375 alpha_opt=0.5000 oracle_top2_TVD=0.3954
  [OK] MMD improved (delta=+0.083917)
  SNR (proxy): 6.71 (mean_norm=0.0527, std_norm=0.0079)

[Step 2] Training Model 2...
  lambda_dual: 0.6667
Training has not converged after 400 steps
  Weighting: frank_wolfe alpha = 0.3333
  [Step 2/9] train_MMD=0.0091 alpha_opt=0.3333 oracle_top3_TVD=0.3886
  [OK] MMD improved (delta=+0.028477)
  SNR (proxy): 4.68 (mean_norm=0.0620, std_norm=0.0132)

[Step 3] Training Model 3...
  lambda_dual: 0.7500
Training has not converged after 400 steps
  Weighting: frank_wolfe alpha = 0.2500
  [Step 3/9] train_MMD=0.0099 alpha_opt=0.2500 oracle_top4_TVD=0.3818
  [WARNING] MMD worsened but kept (diagnostic, delta=-0.000872)
  SNR (proxy): 6.48 (mean_norm=0.0504, std_norm=0.0078)

[Step 4] Training Model 4...
  lambda_dual: 0.8000
Training has not converged after 400 steps
  Weighting: frank_wolfe alpha = 0.2000
  [Step 4/9] train_MMD=0.0035 alpha_opt=0.2000 oracle_top5_TVD=0.3751
  [OK] MMD improved (delta=+0.006448)
  SNR (proxy): 11.22 (mean_norm=0.0773, std_norm=0.0069)

[Step 5] Training Model 5...
  lambda_dual: 0.8333
Training has not converged after 400 steps
  Weighting: frank_wolfe alpha = 0.1667
  [Step 5/9] train_MMD=0.0046 alpha_opt=0.1667 oracle_top6_TVD=0.3683
  [WARNING] MMD worsened but kept (diagnostic, delta=-0.001164)
  SNR (proxy): 10.18 (mean_norm=0.0321, std_norm=0.0032)

[Step 6] Training Model 6...
  lambda_dual: 0.8571
Training has not converged after 400 steps
  Weighting: frank_wolfe alpha = 0.1429
  [Step 6/9] train_MMD=0.0009 alpha_opt=0.1429 oracle_top7_TVD=0.3615
  [OK] MMD improved (delta=+0.003722)
  SNR (proxy): 8.39 (mean_norm=0.0701, std_norm=0.0084)

[Step 7] Training Model 7...
  lambda_dual: 0.8750
Training has not converged after 400 steps
  Weighting: frank_wolfe alpha = 0.1250
  [Step 7/9] train_MMD=0.0033 alpha_opt=0.1250 oracle_top8_TVD=0.3548
  [WARNING] MMD worsened but kept (diagnostic, delta=-0.002415)
  SNR (proxy): 5.51 (mean_norm=0.0213, std_norm=0.0039)

[Step 8] Training Model 8...
  lambda_dual: 0.8889
Training has not converged after 400 steps
  Weighting: frank_wolfe alpha = 0.1111
  [Step 8/9] train_MMD=0.0005 alpha_opt=0.1111 oracle_top9_TVD=0.3480
  [OK] MMD improved (delta=+0.002826)
  SNR (proxy): 6.23 (mean_norm=0.0672, std_norm=0.0108)

[Step 9] Training Model 9...
  lambda_dual: 0.9000
Training has not converged after 400 steps
  Weighting: frank_wolfe alpha = 0.1000
  [Step 9/9] train_MMD=0.0030 alpha_opt=0.1000 oracle_top10_TVD=0.3413
  [WARNING] MMD worsened but kept (diagnostic, delta=-0.002502)
  SNR (proxy): 10.89 (mean_norm=0.0081, std_norm=0.0007)

Final: 10 models, MMD=0.0010 (delta=+0.1186) F1=nan

[FCFW] Computing Fully Corrective Frank-Wolfe weights for final ensemble...
  Weighting: fully corrective QP weights = [0.0585, 0.0000, 0.1598, 0.0687, 0.2939, 0.1767, 0.0250, 0.1668, 0.0000, 0.0506]
  FCFW Sampled MMD^2: -0.001052
  FCFW Sampled TVD:   0.1761

FINAL MODEL COMPARISON (inc. FCFW)
Model      | MMD        | TVD        | TVD*       | Valid      | Cover      | F1        
----------------------------------------------------------------------------------------
Baseline   | 0.1196     | 0.588      | 0.550      | n/a        | n/a        | n/a       
Ensemble   | 0.0010     | 0.207      | 0.138      | n/a        | n/a        | n/a       
Model 0    | 0.1181     | 0.620      | 0.550      | n/a        | n/a        | n/a       
Model 1    | 0.3091     | 0.681      | 0.629      | n/a        | n/a        | n/a       
Model 2    | 0.2338     | 0.607      | 0.530      | n/a        | n/a        | n/a       
Model 3    | 0.2324     | 0.626      | 0.546      | n/a        | n/a        | n/a       
Model 4    | 0.1979     | 0.588      | 0.527      | n/a        | n/a        | n/a       
Model 5    | 0.3115     | 0.629      | 0.537      | n/a        | n/a        | n/a       
Model 6    | 0.2681     | 0.628      | 0.543      | n/a        | n/a        | n/a       
Model 7    | 0.2944     | 0.588      | 0.522      | n/a        | n/a        | n/a       
Model 8    | 0.2364     | 0.602      | 0.539      | n/a        | n/a        | n/a       
Model 9    | 0.3901     | 0.609      | 0.546      | n/a        | n/a        | n/a       
Ensemble (FCFW) | -0.0011    | 0.176      | 0.104      | n/a        | n/a        | n/a       
Saving results to out/hpo/hopfield_20q_p1_b20_20260605_220450/best_retrains/seed_004/results.csv...
Saved data/ensemble loss plot to: out/hpo/hopfield_20q_p1_b20_20260605_220450/best_retrains/seed_004/data_ensemble_loss.pdf
Saving metrics to out/hpo/hopfield_20q_p1_b20_20260605_220450/best_retrains/seed_004/dataset_metrics.json...
  [lorenz_curve] Saved to out/hpo/hopfield_20q_p1_b20_20260605_220450/best_retrains/seed_004/lorenz_curve.png
